ERROR - 2026-07-21 11:39:04 --> Error connecting to the database: mysqli_sql_exception: No connection could be made because the target machine actively refused it in E:\charbel\projects\sa_maria\system\Database\MySQLi\Connection.php:185
Stack trace:
#0 E:\charbel\projects\sa_maria\system\Database\MySQLi\Connection.php(185): mysqli->real_connect('localhost', 'root', '', 'sa_maria', 3306, '', 0)
#1 E:\charbel\projects\sa_maria\system\Database\BaseConnection.php(392): CodeIgniter\Database\MySQLi\Connection->connect(false)
#2 E:\charbel\projects\sa_maria\system\Session\Handlers\DatabaseHandler.php(98): CodeIgniter\Database\BaseConnection->initialize()
#3 [internal function]: CodeIgniter\Session\Handlers\DatabaseHandler->open('ci_sessions', 'ci_session')
#4 E:\charbel\projects\sa_maria\system\Session\Session.php(919): session_start()
#5 E:\charbel\projects\sa_maria\system\Session\Session.php(241): CodeIgniter\Session\Session->startSession()
#6 E:\charbel\projects\sa_maria\system\Config\Services.php(693): CodeIgniter\Session\Session->start()
#7 E:\charbel\projects\sa_maria\system\Config\BaseService.php(258): CodeIgniter\Config\Services::session(Object(Config\Session), false)
#8 E:\charbel\projects\sa_maria\system\Config\BaseService.php(199): CodeIgniter\Config\BaseService::__callStatic('session', Array)
#9 E:\charbel\projects\sa_maria\system\Config\Services.php(664): CodeIgniter\Config\BaseService::getSharedInstance('session', NULL)
#10 E:\charbel\projects\sa_maria\system\Config\BaseService.php(258): CodeIgniter\Config\Services::session()
#11 E:\charbel\projects\sa_maria\app\Controllers\BaseController.php(31): CodeIgniter\Config\BaseService::__callStatic('session', Array)
#12 E:\charbel\projects\sa_maria\system\CodeIgniter.php(914): App\Controllers\BaseController->initController(Object(CodeIgniter\HTTP\IncomingRequest), Object(CodeIgniter\HTTP\Response), Object(CodeIgniter\Log\Logger))
#13 E:\charbel\projects\sa_maria\system\CodeIgniter.php(493): CodeIgniter\CodeIgniter->createController()
#14 E:\charbel\projects\sa_maria\system\CodeIgniter.php(361): CodeIgniter\CodeIgniter->handleRequest(NULL, Object(Config\Cache), false)
#15 E:\charbel\projects\sa_maria\public\index.php(79): CodeIgniter\CodeIgniter->run()
#16 E:\charbel\projects\sa_maria\system\Commands\Server\rewrite.php(47): require_once('E:\\charbel\\proj...')
#17 {main}

Next CodeIgniter\Database\Exceptions\DatabaseException: No connection could be made because the target machine actively refused it in E:\charbel\projects\sa_maria\system\Database\MySQLi\Connection.php:229
Stack trace:
#0 E:\charbel\projects\sa_maria\system\Database\BaseConnection.php(392): CodeIgniter\Database\MySQLi\Connection->connect(false)
#1 E:\charbel\projects\sa_maria\system\Session\Handlers\DatabaseHandler.php(98): CodeIgniter\Database\BaseConnection->initialize()
#2 [internal function]: CodeIgniter\Session\Handlers\DatabaseHandler->open('ci_sessions', 'ci_session')
#3 E:\charbel\projects\sa_maria\system\Session\Session.php(919): session_start()
#4 E:\charbel\projects\sa_maria\system\Session\Session.php(241): CodeIgniter\Session\Session->startSession()
#5 E:\charbel\projects\sa_maria\system\Config\Services.php(693): CodeIgniter\Session\Session->start()
#6 E:\charbel\projects\sa_maria\system\Config\BaseService.php(258): CodeIgniter\Config\Services::session(Object(Config\Session), false)
#7 E:\charbel\projects\sa_maria\system\Config\BaseService.php(199): CodeIgniter\Config\BaseService::__callStatic('session', Array)
#8 E:\charbel\projects\sa_maria\system\Config\Services.php(664): CodeIgniter\Config\BaseService::getSharedInstance('session', NULL)
#9 E:\charbel\projects\sa_maria\system\Config\BaseService.php(258): CodeIgniter\Config\Services::session()
#10 E:\charbel\projects\sa_maria\app\Controllers\BaseController.php(31): CodeIgniter\Config\BaseService::__callStatic('session', Array)
#11 E:\charbel\projects\sa_maria\system\CodeIgniter.php(914): App\Controllers\BaseController->initController(Object(CodeIgniter\HTTP\IncomingRequest), Object(CodeIgniter\HTTP\Response), Object(CodeIgniter\Log\Logger))
#12 E:\charbel\projects\sa_maria\system\CodeIgniter.php(493): CodeIgniter\CodeIgniter->createController()
#13 E:\charbel\projects\sa_maria\system\CodeIgniter.php(361): CodeIgniter\CodeIgniter->handleRequest(NULL, Object(Config\Cache), false)
#14 E:\charbel\projects\sa_maria\public\index.php(79): CodeIgniter\CodeIgniter->run()
#15 E:\charbel\projects\sa_maria\system\Commands\Server\rewrite.php(47): require_once('E:\\charbel\\proj...')
#16 {main}
CRITICAL - 2026-07-21 11:39:04 --> CodeIgniter\Database\Exceptions\DatabaseException: Unable to connect to the database.
Main connection [MySQLi]: No connection could be made because the target machine actively refused it
in SYSTEMPATH\Database\BaseConnection.php on line 428.
 1 SYSTEMPATH\Session\Handlers\DatabaseHandler.php(98): CodeIgniter\Database\BaseConnection->initialize()
 2 [internal function]: CodeIgniter\Session\Handlers\DatabaseHandler->open('ci_sessions', 'ci_session')
 3 SYSTEMPATH\Session\Session.php(919): session_start()
 4 SYSTEMPATH\Session\Session.php(241): CodeIgniter\Session\Session->startSession()
 5 SYSTEMPATH\Config\Services.php(693): CodeIgniter\Session\Session->start()
 6 SYSTEMPATH\Config\BaseService.php(258): CodeIgniter\Config\Services::session(Object(Config\Session), false)
 7 SYSTEMPATH\Config\BaseService.php(199): CodeIgniter\Config\BaseService::__callStatic('session', [...])
 8 SYSTEMPATH\Config\Services.php(664): CodeIgniter\Config\BaseService::getSharedInstance('session', null)
 9 SYSTEMPATH\Config\BaseService.php(258): CodeIgniter\Config\Services::session()
10 APPPATH\Controllers\BaseController.php(31): CodeIgniter\Config\BaseService::__callStatic('session', [])
11 SYSTEMPATH\CodeIgniter.php(914): App\Controllers\BaseController->initController(Object(CodeIgniter\HTTP\IncomingRequest), Object(CodeIgniter\HTTP\Response), Object(CodeIgniter\Log\Logger))
12 SYSTEMPATH\CodeIgniter.php(493): CodeIgniter\CodeIgniter->createController()
13 SYSTEMPATH\CodeIgniter.php(361): CodeIgniter\CodeIgniter->handleRequest(null, Object(Config\Cache), false)
14 FCPATH\index.php(79): CodeIgniter\CodeIgniter->run()
15 SYSTEMPATH\Commands\Server\rewrite.php(47): require_once('E:\\charbel\\projects\\sa_maria\\public\\index.php')
INFO - 2026-07-21 11:47:20 --> Session: Class initialized using 'CodeIgniter\Session\Handlers\DatabaseHandler' driver.
INFO - 2026-07-21 11:48:14 --> Session: Class initialized using 'CodeIgniter\Session\Handlers\DatabaseHandler' driver.
INFO - 2026-07-21 11:48:27 --> Session: Class initialized using 'CodeIgniter\Session\Handlers\DatabaseHandler' driver.
INFO - 2026-07-21 11:48:28 --> Session: Class initialized using 'CodeIgniter\Session\Handlers\DatabaseHandler' driver.
INFO - 2026-07-21 11:48:29 --> Session: Class initialized using 'CodeIgniter\Session\Handlers\DatabaseHandler' driver.
INFO - 2026-07-21 11:48:45 --> Session: Class initialized using 'CodeIgniter\Session\Handlers\DatabaseHandler' driver.
INFO - 2026-07-21 11:48:46 --> Session: Class initialized using 'CodeIgniter\Session\Handlers\DatabaseHandler' driver.
INFO - 2026-07-21 11:48:49 --> Session: Class initialized using 'CodeIgniter\Session\Handlers\DatabaseHandler' driver.
INFO - 2026-07-21 11:48:51 --> Session: Class initialized using 'CodeIgniter\Session\Handlers\DatabaseHandler' driver.
INFO - 2026-07-21 11:48:55 --> Session: Class initialized using 'CodeIgniter\Session\Handlers\DatabaseHandler' driver.
INFO - 2026-07-21 11:48:59 --> Session: Class initialized using 'CodeIgniter\Session\Handlers\DatabaseHandler' driver.
INFO - 2026-07-21 11:49:01 --> Session: Class initialized using 'CodeIgniter\Session\Handlers\DatabaseHandler' driver.
INFO - 2026-07-21 11:49:03 --> Session: Class initialized using 'CodeIgniter\Session\Handlers\DatabaseHandler' driver.
INFO - 2026-07-21 11:49:05 --> Session: Class initialized using 'CodeIgniter\Session\Handlers\DatabaseHandler' driver.
INFO - 2026-07-21 11:49:21 --> Session: Class initialized using 'CodeIgniter\Session\Handlers\DatabaseHandler' driver.
INFO - 2026-07-21 11:51:54 --> Session: Class initialized using 'CodeIgniter\Session\Handlers\DatabaseHandler' driver.
INFO - 2026-07-21 12:05:30 --> Session: Class initialized using 'CodeIgniter\Session\Handlers\DatabaseHandler' driver.
INFO - 2026-07-21 12:07:22 --> Session: Class initialized using 'CodeIgniter\Session\Handlers\DatabaseHandler' driver.
INFO - 2026-07-21 12:07:27 --> Session: Class initialized using 'CodeIgniter\Session\Handlers\DatabaseHandler' driver.
INFO - 2026-07-21 12:19:04 --> Session: Class initialized using 'CodeIgniter\Session\Handlers\DatabaseHandler' driver.
INFO - 2026-07-21 12:19:50 --> Session: Class initialized using 'CodeIgniter\Session\Handlers\DatabaseHandler' driver.
INFO - 2026-07-21 12:22:20 --> Session: Class initialized using 'CodeIgniter\Session\Handlers\DatabaseHandler' driver.
INFO - 2026-07-21 12:22:57 --> Session: Class initialized using 'CodeIgniter\Session\Handlers\DatabaseHandler' driver.
INFO - 2026-07-21 12:23:11 --> Session: Class initialized using 'CodeIgniter\Session\Handlers\DatabaseHandler' driver.
INFO - 2026-07-21 12:23:18 --> Session: Class initialized using 'CodeIgniter\Session\Handlers\DatabaseHandler' driver.
INFO - 2026-07-21 12:23:26 --> Session: Class initialized using 'CodeIgniter\Session\Handlers\DatabaseHandler' driver.
INFO - 2026-07-21 12:23:34 --> Session: Class initialized using 'CodeIgniter\Session\Handlers\DatabaseHandler' driver.
INFO - 2026-07-21 12:23:41 --> Session: Class initialized using 'CodeIgniter\Session\Handlers\DatabaseHandler' driver.
INFO - 2026-07-21 12:24:09 --> Session: Class initialized using 'CodeIgniter\Session\Handlers\DatabaseHandler' driver.
INFO - 2026-07-21 12:24:25 --> Session: Class initialized using 'CodeIgniter\Session\Handlers\DatabaseHandler' driver.
INFO - 2026-07-21 12:24:27 --> Session: Class initialized using 'CodeIgniter\Session\Handlers\DatabaseHandler' driver.
INFO - 2026-07-21 12:24:42 --> Session: Class initialized using 'CodeIgniter\Session\Handlers\DatabaseHandler' driver.
INFO - 2026-07-21 12:25:05 --> Session: Class initialized using 'CodeIgniter\Session\Handlers\DatabaseHandler' driver.
INFO - 2026-07-21 12:25:36 --> Session: Class initialized using 'CodeIgniter\Session\Handlers\DatabaseHandler' driver.
INFO - 2026-07-21 12:26:34 --> Session: Class initialized using 'CodeIgniter\Session\Handlers\DatabaseHandler' driver.
INFO - 2026-07-21 12:27:09 --> Session: Class initialized using 'CodeIgniter\Session\Handlers\DatabaseHandler' driver.
INFO - 2026-07-21 12:27:35 --> Session: Class initialized using 'CodeIgniter\Session\Handlers\DatabaseHandler' driver.
INFO - 2026-07-21 12:28:00 --> Session: Class initialized using 'CodeIgniter\Session\Handlers\DatabaseHandler' driver.
INFO - 2026-07-21 12:29:37 --> Session: Class initialized using 'CodeIgniter\Session\Handlers\DatabaseHandler' driver.
INFO - 2026-07-21 12:33:11 --> Session: Class initialized using 'CodeIgniter\Session\Handlers\DatabaseHandler' driver.
INFO - 2026-07-21 12:38:13 --> Session: Class initialized using 'CodeIgniter\Session\Handlers\DatabaseHandler' driver.
ERROR - 2026-07-21 12:38:13 --> mysqli_sql_exception: Unknown column 'pl.ID_PRODUIT_LOT' in 'field list' in E:\charbel\projects\sa_maria\system\Database\MySQLi\Connection.php:306
Stack trace:
#0 E:\charbel\projects\sa_maria\system\Database\MySQLi\Connection.php(306): mysqli->query('SELECT pl.ID_PR...', 0)
#1 E:\charbel\projects\sa_maria\system\Database\BaseConnection.php(693): CodeIgniter\Database\MySQLi\Connection->execute('SELECT pl.ID_PR...')
#2 E:\charbel\projects\sa_maria\system\Database\BaseConnection.php(607): CodeIgniter\Database\BaseConnection->simpleQuery('SELECT pl.ID_PR...')
#3 E:\charbel\projects\sa_maria\app\Modules\Achat\controllers\Achat.php(58): CodeIgniter\Database\BaseConnection->query('SELECT pl.ID_PR...')
#4 E:\charbel\projects\sa_maria\system\CodeIgniter.php(941): App\Modules\Achat\controllers\Achat->get_list_view()
#5 E:\charbel\projects\sa_maria\system\CodeIgniter.php(502): CodeIgniter\CodeIgniter->runController(Object(App\Modules\Achat\controllers\Achat))
#6 E:\charbel\projects\sa_maria\system\CodeIgniter.php(361): CodeIgniter\CodeIgniter->handleRequest(NULL, Object(Config\Cache), false)
#7 E:\charbel\projects\sa_maria\public\index.php(79): CodeIgniter\CodeIgniter->run()
#8 E:\charbel\projects\sa_maria\system\Commands\Server\rewrite.php(47): require_once('E:\\charbel\\proj...')
#9 {main}
CRITICAL - 2026-07-21 12:38:13 --> CodeIgniter\Database\Exceptions\DatabaseException: Unknown column 'pl.ID_PRODUIT_LOT' in 'field list'
in SYSTEMPATH\Database\BaseConnection.php on line 647.
 1 APPPATH\Modules\Achat\controllers\Achat.php(58): CodeIgniter\Database\BaseConnection->query('SELECT pl.ID_PRODUIT_LOT, p.DESC_PRODUIT, pl.QTE, pl.QTE_RESTANT, pl.PU_ACHAT, pl.PU_VENTE, pl.DATE_EXPIRATION, f.NOM_FOURNISSEUR, pl.DATE_INSERTION,p.NBR_BOUTEILLE_PAR_CASIER
    FROM produits_lot pl
    JOIN produits p ON pl.ID_PRODUIT = p.ID_PRODUIT
    JOIN fournisseur f ON pl.ID_FOURNISSEUR = f.ID_FOURNISSEUR
    WHERE pl.EST_ACTIVE = 1')
 2 SYSTEMPATH\CodeIgniter.php(941): App\Modules\Achat\controllers\Achat->get_list_view()
 3 SYSTEMPATH\CodeIgniter.php(502): CodeIgniter\CodeIgniter->runController(Object(App\Modules\Achat\controllers\Achat))
 4 SYSTEMPATH\CodeIgniter.php(361): CodeIgniter\CodeIgniter->handleRequest(null, Object(Config\Cache), false)
 5 FCPATH\index.php(79): CodeIgniter\CodeIgniter->run()
 6 SYSTEMPATH\Commands\Server\rewrite.php(47): require_once('E:\\charbel\\projects\\sa_maria\\public\\index.php')
CRITICAL - 2026-07-21 12:38:13 --> [Caused by] CodeIgniter\Database\Exceptions\DatabaseException: Unknown column 'pl.ID_PRODUIT_LOT' in 'field list'
in SYSTEMPATH\Database\MySQLi\Connection.php on line 311.
 1 SYSTEMPATH\Database\BaseConnection.php(693): CodeIgniter\Database\MySQLi\Connection->execute('SELECT pl.ID_PRODUIT_LOT, p.DESC_PRODUIT, pl.QTE, pl.QTE_RESTANT, pl.PU_ACHAT, pl.PU_VENTE, pl.DATE_EXPIRATION, f.NOM_FOURNISSEUR, pl.DATE_INSERTION,p.NBR_BOUTEILLE_PAR_CASIER
    FROM produits_lot pl
    JOIN produits p ON pl.ID_PRODUIT = p.ID_PRODUIT
    JOIN fournisseur f ON pl.ID_FOURNISSEUR = f.ID_FOURNISSEUR
    WHERE pl.EST_ACTIVE = 1')
 2 SYSTEMPATH\Database\BaseConnection.php(607): CodeIgniter\Database\BaseConnection->simpleQuery('SELECT pl.ID_PRODUIT_LOT, p.DESC_PRODUIT, pl.QTE, pl.QTE_RESTANT, pl.PU_ACHAT, pl.PU_VENTE, pl.DATE_EXPIRATION, f.NOM_FOURNISSEUR, pl.DATE_INSERTION,p.NBR_BOUTEILLE_PAR_CASIER
    FROM produits_lot pl
    JOIN produits p ON pl.ID_PRODUIT = p.ID_PRODUIT
    JOIN fournisseur f ON pl.ID_FOURNISSEUR = f.ID_FOURNISSEUR
    WHERE pl.EST_ACTIVE = 1')
 3 APPPATH\Modules\Achat\controllers\Achat.php(58): CodeIgniter\Database\BaseConnection->query('SELECT pl.ID_PRODUIT_LOT, p.DESC_PRODUIT, pl.QTE, pl.QTE_RESTANT, pl.PU_ACHAT, pl.PU_VENTE, pl.DATE_EXPIRATION, f.NOM_FOURNISSEUR, pl.DATE_INSERTION,p.NBR_BOUTEILLE_PAR_CASIER
    FROM produits_lot pl
    JOIN produits p ON pl.ID_PRODUIT = p.ID_PRODUIT
    JOIN fournisseur f ON pl.ID_FOURNISSEUR = f.ID_FOURNISSEUR
    WHERE pl.EST_ACTIVE = 1')
 4 SYSTEMPATH\CodeIgniter.php(941): App\Modules\Achat\controllers\Achat->get_list_view()
 5 SYSTEMPATH\CodeIgniter.php(502): CodeIgniter\CodeIgniter->runController(Object(App\Modules\Achat\controllers\Achat))
 6 SYSTEMPATH\CodeIgniter.php(361): CodeIgniter\CodeIgniter->handleRequest(null, Object(Config\Cache), false)
 7 FCPATH\index.php(79): CodeIgniter\CodeIgniter->run()
 8 SYSTEMPATH\Commands\Server\rewrite.php(47): require_once('E:\\charbel\\projects\\sa_maria\\public\\index.php')
CRITICAL - 2026-07-21 12:38:13 --> [Caused by] mysqli_sql_exception: Unknown column 'pl.ID_PRODUIT_LOT' in 'field list'
in SYSTEMPATH\Database\MySQLi\Connection.php on line 306.
 1 SYSTEMPATH\Database\MySQLi\Connection.php(306): mysqli->query('SELECT pl.ID_PRODUIT_LOT, p.DESC_PRODUIT, pl.QTE, pl.QTE_RESTANT, pl.PU_ACHAT, pl.PU_VENTE, pl.DATE_EXPIRATION, f.NOM_FOURNISSEUR, pl.DATE_INSERTION,p.NBR_BOUTEILLE_PAR_CASIER
    FROM produits_lot pl
    JOIN produits p ON pl.ID_PRODUIT = p.ID_PRODUIT
    JOIN fournisseur f ON pl.ID_FOURNISSEUR = f.ID_FOURNISSEUR
    WHERE pl.EST_ACTIVE = 1', 0)
 2 SYSTEMPATH\Database\BaseConnection.php(693): CodeIgniter\Database\MySQLi\Connection->execute('SELECT pl.ID_PRODUIT_LOT, p.DESC_PRODUIT, pl.QTE, pl.QTE_RESTANT, pl.PU_ACHAT, pl.PU_VENTE, pl.DATE_EXPIRATION, f.NOM_FOURNISSEUR, pl.DATE_INSERTION,p.NBR_BOUTEILLE_PAR_CASIER
    FROM produits_lot pl
    JOIN produits p ON pl.ID_PRODUIT = p.ID_PRODUIT
    JOIN fournisseur f ON pl.ID_FOURNISSEUR = f.ID_FOURNISSEUR
    WHERE pl.EST_ACTIVE = 1')
 3 SYSTEMPATH\Database\BaseConnection.php(607): CodeIgniter\Database\BaseConnection->simpleQuery('SELECT pl.ID_PRODUIT_LOT, p.DESC_PRODUIT, pl.QTE, pl.QTE_RESTANT, pl.PU_ACHAT, pl.PU_VENTE, pl.DATE_EXPIRATION, f.NOM_FOURNISSEUR, pl.DATE_INSERTION,p.NBR_BOUTEILLE_PAR_CASIER
    FROM produits_lot pl
    JOIN produits p ON pl.ID_PRODUIT = p.ID_PRODUIT
    JOIN fournisseur f ON pl.ID_FOURNISSEUR = f.ID_FOURNISSEUR
    WHERE pl.EST_ACTIVE = 1')
 4 APPPATH\Modules\Achat\controllers\Achat.php(58): CodeIgniter\Database\BaseConnection->query('SELECT pl.ID_PRODUIT_LOT, p.DESC_PRODUIT, pl.QTE, pl.QTE_RESTANT, pl.PU_ACHAT, pl.PU_VENTE, pl.DATE_EXPIRATION, f.NOM_FOURNISSEUR, pl.DATE_INSERTION,p.NBR_BOUTEILLE_PAR_CASIER
    FROM produits_lot pl
    JOIN produits p ON pl.ID_PRODUIT = p.ID_PRODUIT
    JOIN fournisseur f ON pl.ID_FOURNISSEUR = f.ID_FOURNISSEUR
    WHERE pl.EST_ACTIVE = 1')
 5 SYSTEMPATH\CodeIgniter.php(941): App\Modules\Achat\controllers\Achat->get_list_view()
 6 SYSTEMPATH\CodeIgniter.php(502): CodeIgniter\CodeIgniter->runController(Object(App\Modules\Achat\controllers\Achat))
 7 SYSTEMPATH\CodeIgniter.php(361): CodeIgniter\CodeIgniter->handleRequest(null, Object(Config\Cache), false)
 8 FCPATH\index.php(79): CodeIgniter\CodeIgniter->run()
 9 SYSTEMPATH\Commands\Server\rewrite.php(47): require_once('E:\\charbel\\projects\\sa_maria\\public\\index.php')
INFO - 2026-07-21 12:38:54 --> Session: Class initialized using 'CodeIgniter\Session\Handlers\DatabaseHandler' driver.
INFO - 2026-07-21 12:40:44 --> Session: Class initialized using 'CodeIgniter\Session\Handlers\DatabaseHandler' driver.
ERROR - 2026-07-21 12:40:44 --> mysqli_sql_exception: Unknown column 'p.NUM_LOT' in 'field list' in E:\charbel\projects\sa_maria\system\Database\MySQLi\Connection.php:306
Stack trace:
#0 E:\charbel\projects\sa_maria\system\Database\MySQLi\Connection.php(306): mysqli->query('SELECT pl.ID,p....', 0)
#1 E:\charbel\projects\sa_maria\system\Database\BaseConnection.php(693): CodeIgniter\Database\MySQLi\Connection->execute('SELECT pl.ID,p....')
#2 E:\charbel\projects\sa_maria\system\Database\BaseConnection.php(607): CodeIgniter\Database\BaseConnection->simpleQuery('SELECT pl.ID,p....')
#3 E:\charbel\projects\sa_maria\app\Modules\Achat\controllers\Achat.php(58): CodeIgniter\Database\BaseConnection->query('SELECT pl.ID,p....')
#4 E:\charbel\projects\sa_maria\system\CodeIgniter.php(941): App\Modules\Achat\controllers\Achat->get_list_view()
#5 E:\charbel\projects\sa_maria\system\CodeIgniter.php(502): CodeIgniter\CodeIgniter->runController(Object(App\Modules\Achat\controllers\Achat))
#6 E:\charbel\projects\sa_maria\system\CodeIgniter.php(361): CodeIgniter\CodeIgniter->handleRequest(NULL, Object(Config\Cache), false)
#7 E:\charbel\projects\sa_maria\public\index.php(79): CodeIgniter\CodeIgniter->run()
#8 E:\charbel\projects\sa_maria\system\Commands\Server\rewrite.php(47): require_once('E:\\charbel\\proj...')
#9 {main}
CRITICAL - 2026-07-21 12:40:44 --> CodeIgniter\Database\Exceptions\DatabaseException: Unknown column 'p.NUM_LOT' in 'field list'
in SYSTEMPATH\Database\BaseConnection.php on line 647.
 1 APPPATH\Modules\Achat\controllers\Achat.php(58): CodeIgniter\Database\BaseConnection->query('SELECT pl.ID,p.NUM_LOT, p.DESC_PRODUIT, pl.QTE, pl.QTE_RESTANT, pl.PU_ACHAT, pl.PU_VENTE, pl.DATE_EXPIRATION, f.NOM_FOURNISSEUR, pl.DATE_INSERTION,p.NBR_BOUTEILLE_PAR_CASIER
    FROM produits_lot pl
    JOIN produits p ON pl.ID_PRODUIT = p.ID_PRODUIT
    JOIN fournisseur f ON pl.ID_FOURNISSEUR = f.ID_FOURNISSEUR
    WHERE pl.EST_ACTIVE = 1')
 2 SYSTEMPATH\CodeIgniter.php(941): App\Modules\Achat\controllers\Achat->get_list_view()
 3 SYSTEMPATH\CodeIgniter.php(502): CodeIgniter\CodeIgniter->runController(Object(App\Modules\Achat\controllers\Achat))
 4 SYSTEMPATH\CodeIgniter.php(361): CodeIgniter\CodeIgniter->handleRequest(null, Object(Config\Cache), false)
 5 FCPATH\index.php(79): CodeIgniter\CodeIgniter->run()
 6 SYSTEMPATH\Commands\Server\rewrite.php(47): require_once('E:\\charbel\\projects\\sa_maria\\public\\index.php')
CRITICAL - 2026-07-21 12:40:44 --> [Caused by] CodeIgniter\Database\Exceptions\DatabaseException: Unknown column 'p.NUM_LOT' in 'field list'
in SYSTEMPATH\Database\MySQLi\Connection.php on line 311.
 1 SYSTEMPATH\Database\BaseConnection.php(693): CodeIgniter\Database\MySQLi\Connection->execute('SELECT pl.ID,p.NUM_LOT, p.DESC_PRODUIT, pl.QTE, pl.QTE_RESTANT, pl.PU_ACHAT, pl.PU_VENTE, pl.DATE_EXPIRATION, f.NOM_FOURNISSEUR, pl.DATE_INSERTION,p.NBR_BOUTEILLE_PAR_CASIER
    FROM produits_lot pl
    JOIN produits p ON pl.ID_PRODUIT = p.ID_PRODUIT
    JOIN fournisseur f ON pl.ID_FOURNISSEUR = f.ID_FOURNISSEUR
    WHERE pl.EST_ACTIVE = 1')
 2 SYSTEMPATH\Database\BaseConnection.php(607): CodeIgniter\Database\BaseConnection->simpleQuery('SELECT pl.ID,p.NUM_LOT, p.DESC_PRODUIT, pl.QTE, pl.QTE_RESTANT, pl.PU_ACHAT, pl.PU_VENTE, pl.DATE_EXPIRATION, f.NOM_FOURNISSEUR, pl.DATE_INSERTION,p.NBR_BOUTEILLE_PAR_CASIER
    FROM produits_lot pl
    JOIN produits p ON pl.ID_PRODUIT = p.ID_PRODUIT
    JOIN fournisseur f ON pl.ID_FOURNISSEUR = f.ID_FOURNISSEUR
    WHERE pl.EST_ACTIVE = 1')
 3 APPPATH\Modules\Achat\controllers\Achat.php(58): CodeIgniter\Database\BaseConnection->query('SELECT pl.ID,p.NUM_LOT, p.DESC_PRODUIT, pl.QTE, pl.QTE_RESTANT, pl.PU_ACHAT, pl.PU_VENTE, pl.DATE_EXPIRATION, f.NOM_FOURNISSEUR, pl.DATE_INSERTION,p.NBR_BOUTEILLE_PAR_CASIER
    FROM produits_lot pl
    JOIN produits p ON pl.ID_PRODUIT = p.ID_PRODUIT
    JOIN fournisseur f ON pl.ID_FOURNISSEUR = f.ID_FOURNISSEUR
    WHERE pl.EST_ACTIVE = 1')
 4 SYSTEMPATH\CodeIgniter.php(941): App\Modules\Achat\controllers\Achat->get_list_view()
 5 SYSTEMPATH\CodeIgniter.php(502): CodeIgniter\CodeIgniter->runController(Object(App\Modules\Achat\controllers\Achat))
 6 SYSTEMPATH\CodeIgniter.php(361): CodeIgniter\CodeIgniter->handleRequest(null, Object(Config\Cache), false)
 7 FCPATH\index.php(79): CodeIgniter\CodeIgniter->run()
 8 SYSTEMPATH\Commands\Server\rewrite.php(47): require_once('E:\\charbel\\projects\\sa_maria\\public\\index.php')
CRITICAL - 2026-07-21 12:40:44 --> [Caused by] mysqli_sql_exception: Unknown column 'p.NUM_LOT' in 'field list'
in SYSTEMPATH\Database\MySQLi\Connection.php on line 306.
 1 SYSTEMPATH\Database\MySQLi\Connection.php(306): mysqli->query('SELECT pl.ID,p.NUM_LOT, p.DESC_PRODUIT, pl.QTE, pl.QTE_RESTANT, pl.PU_ACHAT, pl.PU_VENTE, pl.DATE_EXPIRATION, f.NOM_FOURNISSEUR, pl.DATE_INSERTION,p.NBR_BOUTEILLE_PAR_CASIER
    FROM produits_lot pl
    JOIN produits p ON pl.ID_PRODUIT = p.ID_PRODUIT
    JOIN fournisseur f ON pl.ID_FOURNISSEUR = f.ID_FOURNISSEUR
    WHERE pl.EST_ACTIVE = 1', 0)
 2 SYSTEMPATH\Database\BaseConnection.php(693): CodeIgniter\Database\MySQLi\Connection->execute('SELECT pl.ID,p.NUM_LOT, p.DESC_PRODUIT, pl.QTE, pl.QTE_RESTANT, pl.PU_ACHAT, pl.PU_VENTE, pl.DATE_EXPIRATION, f.NOM_FOURNISSEUR, pl.DATE_INSERTION,p.NBR_BOUTEILLE_PAR_CASIER
    FROM produits_lot pl
    JOIN produits p ON pl.ID_PRODUIT = p.ID_PRODUIT
    JOIN fournisseur f ON pl.ID_FOURNISSEUR = f.ID_FOURNISSEUR
    WHERE pl.EST_ACTIVE = 1')
 3 SYSTEMPATH\Database\BaseConnection.php(607): CodeIgniter\Database\BaseConnection->simpleQuery('SELECT pl.ID,p.NUM_LOT, p.DESC_PRODUIT, pl.QTE, pl.QTE_RESTANT, pl.PU_ACHAT, pl.PU_VENTE, pl.DATE_EXPIRATION, f.NOM_FOURNISSEUR, pl.DATE_INSERTION,p.NBR_BOUTEILLE_PAR_CASIER
    FROM produits_lot pl
    JOIN produits p ON pl.ID_PRODUIT = p.ID_PRODUIT
    JOIN fournisseur f ON pl.ID_FOURNISSEUR = f.ID_FOURNISSEUR
    WHERE pl.EST_ACTIVE = 1')
 4 APPPATH\Modules\Achat\controllers\Achat.php(58): CodeIgniter\Database\BaseConnection->query('SELECT pl.ID,p.NUM_LOT, p.DESC_PRODUIT, pl.QTE, pl.QTE_RESTANT, pl.PU_ACHAT, pl.PU_VENTE, pl.DATE_EXPIRATION, f.NOM_FOURNISSEUR, pl.DATE_INSERTION,p.NBR_BOUTEILLE_PAR_CASIER
    FROM produits_lot pl
    JOIN produits p ON pl.ID_PRODUIT = p.ID_PRODUIT
    JOIN fournisseur f ON pl.ID_FOURNISSEUR = f.ID_FOURNISSEUR
    WHERE pl.EST_ACTIVE = 1')
 5 SYSTEMPATH\CodeIgniter.php(941): App\Modules\Achat\controllers\Achat->get_list_view()
 6 SYSTEMPATH\CodeIgniter.php(502): CodeIgniter\CodeIgniter->runController(Object(App\Modules\Achat\controllers\Achat))
 7 SYSTEMPATH\CodeIgniter.php(361): CodeIgniter\CodeIgniter->handleRequest(null, Object(Config\Cache), false)
 8 FCPATH\index.php(79): CodeIgniter\CodeIgniter->run()
 9 SYSTEMPATH\Commands\Server\rewrite.php(47): require_once('E:\\charbel\\projects\\sa_maria\\public\\index.php')
INFO - 2026-07-21 12:41:01 --> Session: Class initialized using 'CodeIgniter\Session\Handlers\DatabaseHandler' driver.
INFO - 2026-07-21 12:42:21 --> Session: Class initialized using 'CodeIgniter\Session\Handlers\DatabaseHandler' driver.
INFO - 2026-07-21 12:42:43 --> Session: Class initialized using 'CodeIgniter\Session\Handlers\DatabaseHandler' driver.
INFO - 2026-07-21 12:44:58 --> Session: Class initialized using 'CodeIgniter\Session\Handlers\DatabaseHandler' driver.
INFO - 2026-07-21 12:46:19 --> Session: Class initialized using 'CodeIgniter\Session\Handlers\DatabaseHandler' driver.
ERROR - 2026-07-21 12:46:19 --> mysqli_sql_exception: Unknown column 'pl.ID_PRODUIT_LOT' in 'on clause' in E:\charbel\projects\sa_maria\system\Database\MySQLi\Connection.php:306
Stack trace:
#0 E:\charbel\projects\sa_maria\system\Database\MySQLi\Connection.php(306): mysqli->query('SELECT s.QTE,s....', 0)
#1 E:\charbel\projects\sa_maria\system\Database\BaseConnection.php(693): CodeIgniter\Database\MySQLi\Connection->execute('SELECT s.QTE,s....')
#2 E:\charbel\projects\sa_maria\system\Database\BaseConnection.php(607): CodeIgniter\Database\BaseConnection->simpleQuery('SELECT s.QTE,s....')
#3 E:\charbel\projects\sa_maria\app\Modules\Ventes\controllers\Ventes.php(119): CodeIgniter\Database\BaseConnection->query('SELECT s.QTE,s....')
#4 E:\charbel\projects\sa_maria\system\CodeIgniter.php(941): App\Modules\Ventes\controllers\Ventes->getListe()
#5 E:\charbel\projects\sa_maria\system\CodeIgniter.php(502): CodeIgniter\CodeIgniter->runController(Object(App\Modules\Ventes\controllers\Ventes))
#6 E:\charbel\projects\sa_maria\system\CodeIgniter.php(361): CodeIgniter\CodeIgniter->handleRequest(NULL, Object(Config\Cache), false)
#7 E:\charbel\projects\sa_maria\public\index.php(79): CodeIgniter\CodeIgniter->run()
#8 E:\charbel\projects\sa_maria\system\Commands\Server\rewrite.php(47): require_once('E:\\charbel\\proj...')
#9 {main}
CRITICAL - 2026-07-21 12:46:19 --> CodeIgniter\Database\Exceptions\DatabaseException: Unknown column 'pl.ID_PRODUIT_LOT' in 'on clause'
in SYSTEMPATH\Database\BaseConnection.php on line 647.
 1 APPPATH\Modules\Ventes\controllers\Ventes.php(119): CodeIgniter\Database\BaseConnection->query('SELECT s.QTE,s.DATE_INSERTION,s.PU,s.QTE*s.PU as PT,s.IS_DETTE,p.DESC_PRODUIT,p.NBR_BOUTEILLE_PAR_CASIER,r.DESC_RAISON_SORTIE FROM sortie s JOIN produits_lot pl ON pl.ID_PRODUIT_LOT=s.ID_PRODUIT_LOT JOIN produits p ON p.ID_PRODUIT=pl.ID_PRODUIT JOIN raison_sortie r ON r.ID_RAISON_SORTIE=s.ID_RAISON_SORTIE WHERE 1')
 2 SYSTEMPATH\CodeIgniter.php(941): App\Modules\Ventes\controllers\Ventes->getListe()
 3 SYSTEMPATH\CodeIgniter.php(502): CodeIgniter\CodeIgniter->runController(Object(App\Modules\Ventes\controllers\Ventes))
 4 SYSTEMPATH\CodeIgniter.php(361): CodeIgniter\CodeIgniter->handleRequest(null, Object(Config\Cache), false)
 5 FCPATH\index.php(79): CodeIgniter\CodeIgniter->run()
 6 SYSTEMPATH\Commands\Server\rewrite.php(47): require_once('E:\\charbel\\projects\\sa_maria\\public\\index.php')
CRITICAL - 2026-07-21 12:46:19 --> [Caused by] CodeIgniter\Database\Exceptions\DatabaseException: Unknown column 'pl.ID_PRODUIT_LOT' in 'on clause'
in SYSTEMPATH\Database\MySQLi\Connection.php on line 311.
 1 SYSTEMPATH\Database\BaseConnection.php(693): CodeIgniter\Database\MySQLi\Connection->execute('SELECT s.QTE,s.DATE_INSERTION,s.PU,s.QTE*s.PU as PT,s.IS_DETTE,p.DESC_PRODUIT,p.NBR_BOUTEILLE_PAR_CASIER,r.DESC_RAISON_SORTIE FROM sortie s JOIN produits_lot pl ON pl.ID_PRODUIT_LOT=s.ID_PRODUIT_LOT JOIN produits p ON p.ID_PRODUIT=pl.ID_PRODUIT JOIN raison_sortie r ON r.ID_RAISON_SORTIE=s.ID_RAISON_SORTIE WHERE 1')
 2 SYSTEMPATH\Database\BaseConnection.php(607): CodeIgniter\Database\BaseConnection->simpleQuery('SELECT s.QTE,s.DATE_INSERTION,s.PU,s.QTE*s.PU as PT,s.IS_DETTE,p.DESC_PRODUIT,p.NBR_BOUTEILLE_PAR_CASIER,r.DESC_RAISON_SORTIE FROM sortie s JOIN produits_lot pl ON pl.ID_PRODUIT_LOT=s.ID_PRODUIT_LOT JOIN produits p ON p.ID_PRODUIT=pl.ID_PRODUIT JOIN raison_sortie r ON r.ID_RAISON_SORTIE=s.ID_RAISON_SORTIE WHERE 1')
 3 APPPATH\Modules\Ventes\controllers\Ventes.php(119): CodeIgniter\Database\BaseConnection->query('SELECT s.QTE,s.DATE_INSERTION,s.PU,s.QTE*s.PU as PT,s.IS_DETTE,p.DESC_PRODUIT,p.NBR_BOUTEILLE_PAR_CASIER,r.DESC_RAISON_SORTIE FROM sortie s JOIN produits_lot pl ON pl.ID_PRODUIT_LOT=s.ID_PRODUIT_LOT JOIN produits p ON p.ID_PRODUIT=pl.ID_PRODUIT JOIN raison_sortie r ON r.ID_RAISON_SORTIE=s.ID_RAISON_SORTIE WHERE 1')
 4 SYSTEMPATH\CodeIgniter.php(941): App\Modules\Ventes\controllers\Ventes->getListe()
 5 SYSTEMPATH\CodeIgniter.php(502): CodeIgniter\CodeIgniter->runController(Object(App\Modules\Ventes\controllers\Ventes))
 6 SYSTEMPATH\CodeIgniter.php(361): CodeIgniter\CodeIgniter->handleRequest(null, Object(Config\Cache), false)
 7 FCPATH\index.php(79): CodeIgniter\CodeIgniter->run()
 8 SYSTEMPATH\Commands\Server\rewrite.php(47): require_once('E:\\charbel\\projects\\sa_maria\\public\\index.php')
CRITICAL - 2026-07-21 12:46:19 --> [Caused by] mysqli_sql_exception: Unknown column 'pl.ID_PRODUIT_LOT' in 'on clause'
in SYSTEMPATH\Database\MySQLi\Connection.php on line 306.
 1 SYSTEMPATH\Database\MySQLi\Connection.php(306): mysqli->query('SELECT s.QTE,s.DATE_INSERTION,s.PU,s.QTE*s.PU as PT,s.IS_DETTE,p.DESC_PRODUIT,p.NBR_BOUTEILLE_PAR_CASIER,r.DESC_RAISON_SORTIE FROM sortie s JOIN produits_lot pl ON pl.ID_PRODUIT_LOT=s.ID_PRODUIT_LOT JOIN produits p ON p.ID_PRODUIT=pl.ID_PRODUIT JOIN raison_sortie r ON r.ID_RAISON_SORTIE=s.ID_RAISON_SORTIE WHERE 1', 0)
 2 SYSTEMPATH\Database\BaseConnection.php(693): CodeIgniter\Database\MySQLi\Connection->execute('SELECT s.QTE,s.DATE_INSERTION,s.PU,s.QTE*s.PU as PT,s.IS_DETTE,p.DESC_PRODUIT,p.NBR_BOUTEILLE_PAR_CASIER,r.DESC_RAISON_SORTIE FROM sortie s JOIN produits_lot pl ON pl.ID_PRODUIT_LOT=s.ID_PRODUIT_LOT JOIN produits p ON p.ID_PRODUIT=pl.ID_PRODUIT JOIN raison_sortie r ON r.ID_RAISON_SORTIE=s.ID_RAISON_SORTIE WHERE 1')
 3 SYSTEMPATH\Database\BaseConnection.php(607): CodeIgniter\Database\BaseConnection->simpleQuery('SELECT s.QTE,s.DATE_INSERTION,s.PU,s.QTE*s.PU as PT,s.IS_DETTE,p.DESC_PRODUIT,p.NBR_BOUTEILLE_PAR_CASIER,r.DESC_RAISON_SORTIE FROM sortie s JOIN produits_lot pl ON pl.ID_PRODUIT_LOT=s.ID_PRODUIT_LOT JOIN produits p ON p.ID_PRODUIT=pl.ID_PRODUIT JOIN raison_sortie r ON r.ID_RAISON_SORTIE=s.ID_RAISON_SORTIE WHERE 1')
 4 APPPATH\Modules\Ventes\controllers\Ventes.php(119): CodeIgniter\Database\BaseConnection->query('SELECT s.QTE,s.DATE_INSERTION,s.PU,s.QTE*s.PU as PT,s.IS_DETTE,p.DESC_PRODUIT,p.NBR_BOUTEILLE_PAR_CASIER,r.DESC_RAISON_SORTIE FROM sortie s JOIN produits_lot pl ON pl.ID_PRODUIT_LOT=s.ID_PRODUIT_LOT JOIN produits p ON p.ID_PRODUIT=pl.ID_PRODUIT JOIN raison_sortie r ON r.ID_RAISON_SORTIE=s.ID_RAISON_SORTIE WHERE 1')
 5 SYSTEMPATH\CodeIgniter.php(941): App\Modules\Ventes\controllers\Ventes->getListe()
 6 SYSTEMPATH\CodeIgniter.php(502): CodeIgniter\CodeIgniter->runController(Object(App\Modules\Ventes\controllers\Ventes))
 7 SYSTEMPATH\CodeIgniter.php(361): CodeIgniter\CodeIgniter->handleRequest(null, Object(Config\Cache), false)
 8 FCPATH\index.php(79): CodeIgniter\CodeIgniter->run()
 9 SYSTEMPATH\Commands\Server\rewrite.php(47): require_once('E:\\charbel\\projects\\sa_maria\\public\\index.php')
INFO - 2026-07-21 12:49:16 --> Session: Class initialized using 'CodeIgniter\Session\Handlers\DatabaseHandler' driver.
ERROR - 2026-07-21 12:49:16 --> mysqli_sql_exception: Unknown column 'pl.ID_PRODUIT_LOT' in 'on clause' in E:\charbel\projects\sa_maria\system\Database\MySQLi\Connection.php:306
Stack trace:
#0 E:\charbel\projects\sa_maria\system\Database\MySQLi\Connection.php(306): mysqli->query('SELECT s.QTE,s....', 0)
#1 E:\charbel\projects\sa_maria\system\Database\BaseConnection.php(693): CodeIgniter\Database\MySQLi\Connection->execute('SELECT s.QTE,s....')
#2 E:\charbel\projects\sa_maria\system\Database\BaseConnection.php(607): CodeIgniter\Database\BaseConnection->simpleQuery('SELECT s.QTE,s....')
#3 E:\charbel\projects\sa_maria\app\Modules\Ventes\controllers\Ventes.php(119): CodeIgniter\Database\BaseConnection->query('SELECT s.QTE,s....')
#4 E:\charbel\projects\sa_maria\system\CodeIgniter.php(941): App\Modules\Ventes\controllers\Ventes->getListe()
#5 E:\charbel\projects\sa_maria\system\CodeIgniter.php(502): CodeIgniter\CodeIgniter->runController(Object(App\Modules\Ventes\controllers\Ventes))
#6 E:\charbel\projects\sa_maria\system\CodeIgniter.php(361): CodeIgniter\CodeIgniter->handleRequest(NULL, Object(Config\Cache), false)
#7 E:\charbel\projects\sa_maria\public\index.php(79): CodeIgniter\CodeIgniter->run()
#8 E:\charbel\projects\sa_maria\system\Commands\Server\rewrite.php(47): require_once('E:\\charbel\\proj...')
#9 {main}
CRITICAL - 2026-07-21 12:49:16 --> CodeIgniter\Database\Exceptions\DatabaseException: Unknown column 'pl.ID_PRODUIT_LOT' in 'on clause'
in SYSTEMPATH\Database\BaseConnection.php on line 647.
 1 APPPATH\Modules\Ventes\controllers\Ventes.php(119): CodeIgniter\Database\BaseConnection->query('SELECT s.QTE,s.DATE_INSERTION,s.PU,s.QTE*s.PU as PT,s.IS_DETTE,p.DESC_PRODUIT,p.NBR_BOUTEILLE_PAR_CASIER,r.DESC_RAISON_SORTIE FROM sortie s JOIN produits_lot pl ON pl.ID_PRODUIT_LOT=s.ID_PRODUIT_LOT JOIN produits p ON p.ID_PRODUIT=pl.ID_PRODUIT JOIN raison_sortie r ON r.ID_RAISON_SORTIE=s.ID_RAISON_SORTIE WHERE 1')
 2 SYSTEMPATH\CodeIgniter.php(941): App\Modules\Ventes\controllers\Ventes->getListe()
 3 SYSTEMPATH\CodeIgniter.php(502): CodeIgniter\CodeIgniter->runController(Object(App\Modules\Ventes\controllers\Ventes))
 4 SYSTEMPATH\CodeIgniter.php(361): CodeIgniter\CodeIgniter->handleRequest(null, Object(Config\Cache), false)
 5 FCPATH\index.php(79): CodeIgniter\CodeIgniter->run()
 6 SYSTEMPATH\Commands\Server\rewrite.php(47): require_once('E:\\charbel\\projects\\sa_maria\\public\\index.php')
CRITICAL - 2026-07-21 12:49:16 --> [Caused by] CodeIgniter\Database\Exceptions\DatabaseException: Unknown column 'pl.ID_PRODUIT_LOT' in 'on clause'
in SYSTEMPATH\Database\MySQLi\Connection.php on line 311.
 1 SYSTEMPATH\Database\BaseConnection.php(693): CodeIgniter\Database\MySQLi\Connection->execute('SELECT s.QTE,s.DATE_INSERTION,s.PU,s.QTE*s.PU as PT,s.IS_DETTE,p.DESC_PRODUIT,p.NBR_BOUTEILLE_PAR_CASIER,r.DESC_RAISON_SORTIE FROM sortie s JOIN produits_lot pl ON pl.ID_PRODUIT_LOT=s.ID_PRODUIT_LOT JOIN produits p ON p.ID_PRODUIT=pl.ID_PRODUIT JOIN raison_sortie r ON r.ID_RAISON_SORTIE=s.ID_RAISON_SORTIE WHERE 1')
 2 SYSTEMPATH\Database\BaseConnection.php(607): CodeIgniter\Database\BaseConnection->simpleQuery('SELECT s.QTE,s.DATE_INSERTION,s.PU,s.QTE*s.PU as PT,s.IS_DETTE,p.DESC_PRODUIT,p.NBR_BOUTEILLE_PAR_CASIER,r.DESC_RAISON_SORTIE FROM sortie s JOIN produits_lot pl ON pl.ID_PRODUIT_LOT=s.ID_PRODUIT_LOT JOIN produits p ON p.ID_PRODUIT=pl.ID_PRODUIT JOIN raison_sortie r ON r.ID_RAISON_SORTIE=s.ID_RAISON_SORTIE WHERE 1')
 3 APPPATH\Modules\Ventes\controllers\Ventes.php(119): CodeIgniter\Database\BaseConnection->query('SELECT s.QTE,s.DATE_INSERTION,s.PU,s.QTE*s.PU as PT,s.IS_DETTE,p.DESC_PRODUIT,p.NBR_BOUTEILLE_PAR_CASIER,r.DESC_RAISON_SORTIE FROM sortie s JOIN produits_lot pl ON pl.ID_PRODUIT_LOT=s.ID_PRODUIT_LOT JOIN produits p ON p.ID_PRODUIT=pl.ID_PRODUIT JOIN raison_sortie r ON r.ID_RAISON_SORTIE=s.ID_RAISON_SORTIE WHERE 1')
 4 SYSTEMPATH\CodeIgniter.php(941): App\Modules\Ventes\controllers\Ventes->getListe()
 5 SYSTEMPATH\CodeIgniter.php(502): CodeIgniter\CodeIgniter->runController(Object(App\Modules\Ventes\controllers\Ventes))
 6 SYSTEMPATH\CodeIgniter.php(361): CodeIgniter\CodeIgniter->handleRequest(null, Object(Config\Cache), false)
 7 FCPATH\index.php(79): CodeIgniter\CodeIgniter->run()
 8 SYSTEMPATH\Commands\Server\rewrite.php(47): require_once('E:\\charbel\\projects\\sa_maria\\public\\index.php')
CRITICAL - 2026-07-21 12:49:16 --> [Caused by] mysqli_sql_exception: Unknown column 'pl.ID_PRODUIT_LOT' in 'on clause'
in SYSTEMPATH\Database\MySQLi\Connection.php on line 306.
 1 SYSTEMPATH\Database\MySQLi\Connection.php(306): mysqli->query('SELECT s.QTE,s.DATE_INSERTION,s.PU,s.QTE*s.PU as PT,s.IS_DETTE,p.DESC_PRODUIT,p.NBR_BOUTEILLE_PAR_CASIER,r.DESC_RAISON_SORTIE FROM sortie s JOIN produits_lot pl ON pl.ID_PRODUIT_LOT=s.ID_PRODUIT_LOT JOIN produits p ON p.ID_PRODUIT=pl.ID_PRODUIT JOIN raison_sortie r ON r.ID_RAISON_SORTIE=s.ID_RAISON_SORTIE WHERE 1', 0)
 2 SYSTEMPATH\Database\BaseConnection.php(693): CodeIgniter\Database\MySQLi\Connection->execute('SELECT s.QTE,s.DATE_INSERTION,s.PU,s.QTE*s.PU as PT,s.IS_DETTE,p.DESC_PRODUIT,p.NBR_BOUTEILLE_PAR_CASIER,r.DESC_RAISON_SORTIE FROM sortie s JOIN produits_lot pl ON pl.ID_PRODUIT_LOT=s.ID_PRODUIT_LOT JOIN produits p ON p.ID_PRODUIT=pl.ID_PRODUIT JOIN raison_sortie r ON r.ID_RAISON_SORTIE=s.ID_RAISON_SORTIE WHERE 1')
 3 SYSTEMPATH\Database\BaseConnection.php(607): CodeIgniter\Database\BaseConnection->simpleQuery('SELECT s.QTE,s.DATE_INSERTION,s.PU,s.QTE*s.PU as PT,s.IS_DETTE,p.DESC_PRODUIT,p.NBR_BOUTEILLE_PAR_CASIER,r.DESC_RAISON_SORTIE FROM sortie s JOIN produits_lot pl ON pl.ID_PRODUIT_LOT=s.ID_PRODUIT_LOT JOIN produits p ON p.ID_PRODUIT=pl.ID_PRODUIT JOIN raison_sortie r ON r.ID_RAISON_SORTIE=s.ID_RAISON_SORTIE WHERE 1')
 4 APPPATH\Modules\Ventes\controllers\Ventes.php(119): CodeIgniter\Database\BaseConnection->query('SELECT s.QTE,s.DATE_INSERTION,s.PU,s.QTE*s.PU as PT,s.IS_DETTE,p.DESC_PRODUIT,p.NBR_BOUTEILLE_PAR_CASIER,r.DESC_RAISON_SORTIE FROM sortie s JOIN produits_lot pl ON pl.ID_PRODUIT_LOT=s.ID_PRODUIT_LOT JOIN produits p ON p.ID_PRODUIT=pl.ID_PRODUIT JOIN raison_sortie r ON r.ID_RAISON_SORTIE=s.ID_RAISON_SORTIE WHERE 1')
 5 SYSTEMPATH\CodeIgniter.php(941): App\Modules\Ventes\controllers\Ventes->getListe()
 6 SYSTEMPATH\CodeIgniter.php(502): CodeIgniter\CodeIgniter->runController(Object(App\Modules\Ventes\controllers\Ventes))
 7 SYSTEMPATH\CodeIgniter.php(361): CodeIgniter\CodeIgniter->handleRequest(null, Object(Config\Cache), false)
 8 FCPATH\index.php(79): CodeIgniter\CodeIgniter->run()
 9 SYSTEMPATH\Commands\Server\rewrite.php(47): require_once('E:\\charbel\\projects\\sa_maria\\public\\index.php')
INFO - 2026-07-21 12:49:41 --> Session: Class initialized using 'CodeIgniter\Session\Handlers\DatabaseHandler' driver.
ERROR - 2026-07-21 12:49:41 --> mysqli_sql_exception: Unknown column 'pl.ID_PRODUIT_LOT' in 'on clause' in E:\charbel\projects\sa_maria\system\Database\MySQLi\Connection.php:306
Stack trace:
#0 E:\charbel\projects\sa_maria\system\Database\MySQLi\Connection.php(306): mysqli->query('SELECT s.QTE,s....', 0)
#1 E:\charbel\projects\sa_maria\system\Database\BaseConnection.php(693): CodeIgniter\Database\MySQLi\Connection->execute('SELECT s.QTE,s....')
#2 E:\charbel\projects\sa_maria\system\Database\BaseConnection.php(607): CodeIgniter\Database\BaseConnection->simpleQuery('SELECT s.QTE,s....')
#3 E:\charbel\projects\sa_maria\app\Modules\Ventes\controllers\Ventes.php(119): CodeIgniter\Database\BaseConnection->query('SELECT s.QTE,s....')
#4 E:\charbel\projects\sa_maria\system\CodeIgniter.php(941): App\Modules\Ventes\controllers\Ventes->getListe()
#5 E:\charbel\projects\sa_maria\system\CodeIgniter.php(502): CodeIgniter\CodeIgniter->runController(Object(App\Modules\Ventes\controllers\Ventes))
#6 E:\charbel\projects\sa_maria\system\CodeIgniter.php(361): CodeIgniter\CodeIgniter->handleRequest(NULL, Object(Config\Cache), false)
#7 E:\charbel\projects\sa_maria\public\index.php(79): CodeIgniter\CodeIgniter->run()
#8 E:\charbel\projects\sa_maria\system\Commands\Server\rewrite.php(47): require_once('E:\\charbel\\proj...')
#9 {main}
CRITICAL - 2026-07-21 12:49:41 --> CodeIgniter\Database\Exceptions\DatabaseException: Unknown column 'pl.ID_PRODUIT_LOT' in 'on clause'
in SYSTEMPATH\Database\BaseConnection.php on line 647.
 1 APPPATH\Modules\Ventes\controllers\Ventes.php(119): CodeIgniter\Database\BaseConnection->query('SELECT s.QTE,s.DATE_INSERTION,s.PU,s.QTE*s.PU as PT,s.IS_DETTE,p.DESC_PRODUIT,p.NBR_BOUTEILLE_PAR_CASIER,r.DESC_RAISON_SORTIE FROM sortie s JOIN produits_lot pl ON pl.ID_PRODUIT_LOT=s.ID_PRODUIT_LOT JOIN produits p ON p.ID_PRODUIT=pl.ID_PRODUIT JOIN raison_sortie r ON r.ID_RAISON_SORTIE=s.ID_RAISON_SORTIE WHERE 1')
 2 SYSTEMPATH\CodeIgniter.php(941): App\Modules\Ventes\controllers\Ventes->getListe()
 3 SYSTEMPATH\CodeIgniter.php(502): CodeIgniter\CodeIgniter->runController(Object(App\Modules\Ventes\controllers\Ventes))
 4 SYSTEMPATH\CodeIgniter.php(361): CodeIgniter\CodeIgniter->handleRequest(null, Object(Config\Cache), false)
 5 FCPATH\index.php(79): CodeIgniter\CodeIgniter->run()
 6 SYSTEMPATH\Commands\Server\rewrite.php(47): require_once('E:\\charbel\\projects\\sa_maria\\public\\index.php')
CRITICAL - 2026-07-21 12:49:41 --> [Caused by] CodeIgniter\Database\Exceptions\DatabaseException: Unknown column 'pl.ID_PRODUIT_LOT' in 'on clause'
in SYSTEMPATH\Database\MySQLi\Connection.php on line 311.
 1 SYSTEMPATH\Database\BaseConnection.php(693): CodeIgniter\Database\MySQLi\Connection->execute('SELECT s.QTE,s.DATE_INSERTION,s.PU,s.QTE*s.PU as PT,s.IS_DETTE,p.DESC_PRODUIT,p.NBR_BOUTEILLE_PAR_CASIER,r.DESC_RAISON_SORTIE FROM sortie s JOIN produits_lot pl ON pl.ID_PRODUIT_LOT=s.ID_PRODUIT_LOT JOIN produits p ON p.ID_PRODUIT=pl.ID_PRODUIT JOIN raison_sortie r ON r.ID_RAISON_SORTIE=s.ID_RAISON_SORTIE WHERE 1')
 2 SYSTEMPATH\Database\BaseConnection.php(607): CodeIgniter\Database\BaseConnection->simpleQuery('SELECT s.QTE,s.DATE_INSERTION,s.PU,s.QTE*s.PU as PT,s.IS_DETTE,p.DESC_PRODUIT,p.NBR_BOUTEILLE_PAR_CASIER,r.DESC_RAISON_SORTIE FROM sortie s JOIN produits_lot pl ON pl.ID_PRODUIT_LOT=s.ID_PRODUIT_LOT JOIN produits p ON p.ID_PRODUIT=pl.ID_PRODUIT JOIN raison_sortie r ON r.ID_RAISON_SORTIE=s.ID_RAISON_SORTIE WHERE 1')
 3 APPPATH\Modules\Ventes\controllers\Ventes.php(119): CodeIgniter\Database\BaseConnection->query('SELECT s.QTE,s.DATE_INSERTION,s.PU,s.QTE*s.PU as PT,s.IS_DETTE,p.DESC_PRODUIT,p.NBR_BOUTEILLE_PAR_CASIER,r.DESC_RAISON_SORTIE FROM sortie s JOIN produits_lot pl ON pl.ID_PRODUIT_LOT=s.ID_PRODUIT_LOT JOIN produits p ON p.ID_PRODUIT=pl.ID_PRODUIT JOIN raison_sortie r ON r.ID_RAISON_SORTIE=s.ID_RAISON_SORTIE WHERE 1')
 4 SYSTEMPATH\CodeIgniter.php(941): App\Modules\Ventes\controllers\Ventes->getListe()
 5 SYSTEMPATH\CodeIgniter.php(502): CodeIgniter\CodeIgniter->runController(Object(App\Modules\Ventes\controllers\Ventes))
 6 SYSTEMPATH\CodeIgniter.php(361): CodeIgniter\CodeIgniter->handleRequest(null, Object(Config\Cache), false)
 7 FCPATH\index.php(79): CodeIgniter\CodeIgniter->run()
 8 SYSTEMPATH\Commands\Server\rewrite.php(47): require_once('E:\\charbel\\projects\\sa_maria\\public\\index.php')
CRITICAL - 2026-07-21 12:49:41 --> [Caused by] mysqli_sql_exception: Unknown column 'pl.ID_PRODUIT_LOT' in 'on clause'
in SYSTEMPATH\Database\MySQLi\Connection.php on line 306.
 1 SYSTEMPATH\Database\MySQLi\Connection.php(306): mysqli->query('SELECT s.QTE,s.DATE_INSERTION,s.PU,s.QTE*s.PU as PT,s.IS_DETTE,p.DESC_PRODUIT,p.NBR_BOUTEILLE_PAR_CASIER,r.DESC_RAISON_SORTIE FROM sortie s JOIN produits_lot pl ON pl.ID_PRODUIT_LOT=s.ID_PRODUIT_LOT JOIN produits p ON p.ID_PRODUIT=pl.ID_PRODUIT JOIN raison_sortie r ON r.ID_RAISON_SORTIE=s.ID_RAISON_SORTIE WHERE 1', 0)
 2 SYSTEMPATH\Database\BaseConnection.php(693): CodeIgniter\Database\MySQLi\Connection->execute('SELECT s.QTE,s.DATE_INSERTION,s.PU,s.QTE*s.PU as PT,s.IS_DETTE,p.DESC_PRODUIT,p.NBR_BOUTEILLE_PAR_CASIER,r.DESC_RAISON_SORTIE FROM sortie s JOIN produits_lot pl ON pl.ID_PRODUIT_LOT=s.ID_PRODUIT_LOT JOIN produits p ON p.ID_PRODUIT=pl.ID_PRODUIT JOIN raison_sortie r ON r.ID_RAISON_SORTIE=s.ID_RAISON_SORTIE WHERE 1')
 3 SYSTEMPATH\Database\BaseConnection.php(607): CodeIgniter\Database\BaseConnection->simpleQuery('SELECT s.QTE,s.DATE_INSERTION,s.PU,s.QTE*s.PU as PT,s.IS_DETTE,p.DESC_PRODUIT,p.NBR_BOUTEILLE_PAR_CASIER,r.DESC_RAISON_SORTIE FROM sortie s JOIN produits_lot pl ON pl.ID_PRODUIT_LOT=s.ID_PRODUIT_LOT JOIN produits p ON p.ID_PRODUIT=pl.ID_PRODUIT JOIN raison_sortie r ON r.ID_RAISON_SORTIE=s.ID_RAISON_SORTIE WHERE 1')
 4 APPPATH\Modules\Ventes\controllers\Ventes.php(119): CodeIgniter\Database\BaseConnection->query('SELECT s.QTE,s.DATE_INSERTION,s.PU,s.QTE*s.PU as PT,s.IS_DETTE,p.DESC_PRODUIT,p.NBR_BOUTEILLE_PAR_CASIER,r.DESC_RAISON_SORTIE FROM sortie s JOIN produits_lot pl ON pl.ID_PRODUIT_LOT=s.ID_PRODUIT_LOT JOIN produits p ON p.ID_PRODUIT=pl.ID_PRODUIT JOIN raison_sortie r ON r.ID_RAISON_SORTIE=s.ID_RAISON_SORTIE WHERE 1')
 5 SYSTEMPATH\CodeIgniter.php(941): App\Modules\Ventes\controllers\Ventes->getListe()
 6 SYSTEMPATH\CodeIgniter.php(502): CodeIgniter\CodeIgniter->runController(Object(App\Modules\Ventes\controllers\Ventes))
 7 SYSTEMPATH\CodeIgniter.php(361): CodeIgniter\CodeIgniter->handleRequest(null, Object(Config\Cache), false)
 8 FCPATH\index.php(79): CodeIgniter\CodeIgniter->run()
 9 SYSTEMPATH\Commands\Server\rewrite.php(47): require_once('E:\\charbel\\projects\\sa_maria\\public\\index.php')
INFO - 2026-07-21 12:50:07 --> Session: Class initialized using 'CodeIgniter\Session\Handlers\DatabaseHandler' driver.
INFO - 2026-07-21 12:50:15 --> Session: Class initialized using 'CodeIgniter\Session\Handlers\DatabaseHandler' driver.
ERROR - 2026-07-21 12:50:15 --> mysqli_sql_exception: Unknown column 'pl.ID' in 'field list' in E:\charbel\projects\sa_maria\system\Database\MySQLi\Connection.php:306
Stack trace:
#0 E:\charbel\projects\sa_maria\system\Database\MySQLi\Connection.php(306): mysqli->query('SELECT pl.ID,pl...', 0)
#1 E:\charbel\projects\sa_maria\system\Database\BaseConnection.php(693): CodeIgniter\Database\MySQLi\Connection->execute('SELECT pl.ID,pl...')
#2 E:\charbel\projects\sa_maria\system\Database\BaseConnection.php(607): CodeIgniter\Database\BaseConnection->simpleQuery('SELECT pl.ID,pl...')
#3 E:\charbel\projects\sa_maria\app\Modules\Achat\controllers\Achat.php(58): CodeIgniter\Database\BaseConnection->query('SELECT pl.ID,pl...')
#4 E:\charbel\projects\sa_maria\system\CodeIgniter.php(941): App\Modules\Achat\controllers\Achat->get_list_view()
#5 E:\charbel\projects\sa_maria\system\CodeIgniter.php(502): CodeIgniter\CodeIgniter->runController(Object(App\Modules\Achat\controllers\Achat))
#6 E:\charbel\projects\sa_maria\system\CodeIgniter.php(361): CodeIgniter\CodeIgniter->handleRequest(NULL, Object(Config\Cache), false)
#7 E:\charbel\projects\sa_maria\public\index.php(79): CodeIgniter\CodeIgniter->run()
#8 E:\charbel\projects\sa_maria\system\Commands\Server\rewrite.php(47): require_once('E:\\charbel\\proj...')
#9 {main}
CRITICAL - 2026-07-21 12:50:15 --> CodeIgniter\Database\Exceptions\DatabaseException: Unknown column 'pl.ID' in 'field list'
in SYSTEMPATH\Database\BaseConnection.php on line 647.
 1 APPPATH\Modules\Achat\controllers\Achat.php(58): CodeIgniter\Database\BaseConnection->query('SELECT pl.ID,pl.NUM_LOT, p.DESC_PRODUIT, pl.QTE, pl.QTE_RESTANT, pl.PU_ACHAT, pl.PU_VENTE, pl.DATE_EXPIRATION, f.NOM_FOURNISSEUR, pl.DATE_INSERTION,p.NBR_BOUTEILLE_PAR_CASIER
    FROM produits_lot pl
    JOIN produits p ON pl.ID_PRODUIT = p.ID_PRODUIT
    JOIN fournisseur f ON pl.ID_FOURNISSEUR = f.ID_FOURNISSEUR
    WHERE pl.EST_ACTIVE = 1')
 2 SYSTEMPATH\CodeIgniter.php(941): App\Modules\Achat\controllers\Achat->get_list_view()
 3 SYSTEMPATH\CodeIgniter.php(502): CodeIgniter\CodeIgniter->runController(Object(App\Modules\Achat\controllers\Achat))
 4 SYSTEMPATH\CodeIgniter.php(361): CodeIgniter\CodeIgniter->handleRequest(null, Object(Config\Cache), false)
 5 FCPATH\index.php(79): CodeIgniter\CodeIgniter->run()
 6 SYSTEMPATH\Commands\Server\rewrite.php(47): require_once('E:\\charbel\\projects\\sa_maria\\public\\index.php')
CRITICAL - 2026-07-21 12:50:15 --> [Caused by] CodeIgniter\Database\Exceptions\DatabaseException: Unknown column 'pl.ID' in 'field list'
in SYSTEMPATH\Database\MySQLi\Connection.php on line 311.
 1 SYSTEMPATH\Database\BaseConnection.php(693): CodeIgniter\Database\MySQLi\Connection->execute('SELECT pl.ID,pl.NUM_LOT, p.DESC_PRODUIT, pl.QTE, pl.QTE_RESTANT, pl.PU_ACHAT, pl.PU_VENTE, pl.DATE_EXPIRATION, f.NOM_FOURNISSEUR, pl.DATE_INSERTION,p.NBR_BOUTEILLE_PAR_CASIER
    FROM produits_lot pl
    JOIN produits p ON pl.ID_PRODUIT = p.ID_PRODUIT
    JOIN fournisseur f ON pl.ID_FOURNISSEUR = f.ID_FOURNISSEUR
    WHERE pl.EST_ACTIVE = 1')
 2 SYSTEMPATH\Database\BaseConnection.php(607): CodeIgniter\Database\BaseConnection->simpleQuery('SELECT pl.ID,pl.NUM_LOT, p.DESC_PRODUIT, pl.QTE, pl.QTE_RESTANT, pl.PU_ACHAT, pl.PU_VENTE, pl.DATE_EXPIRATION, f.NOM_FOURNISSEUR, pl.DATE_INSERTION,p.NBR_BOUTEILLE_PAR_CASIER
    FROM produits_lot pl
    JOIN produits p ON pl.ID_PRODUIT = p.ID_PRODUIT
    JOIN fournisseur f ON pl.ID_FOURNISSEUR = f.ID_FOURNISSEUR
    WHERE pl.EST_ACTIVE = 1')
 3 APPPATH\Modules\Achat\controllers\Achat.php(58): CodeIgniter\Database\BaseConnection->query('SELECT pl.ID,pl.NUM_LOT, p.DESC_PRODUIT, pl.QTE, pl.QTE_RESTANT, pl.PU_ACHAT, pl.PU_VENTE, pl.DATE_EXPIRATION, f.NOM_FOURNISSEUR, pl.DATE_INSERTION,p.NBR_BOUTEILLE_PAR_CASIER
    FROM produits_lot pl
    JOIN produits p ON pl.ID_PRODUIT = p.ID_PRODUIT
    JOIN fournisseur f ON pl.ID_FOURNISSEUR = f.ID_FOURNISSEUR
    WHERE pl.EST_ACTIVE = 1')
 4 SYSTEMPATH\CodeIgniter.php(941): App\Modules\Achat\controllers\Achat->get_list_view()
 5 SYSTEMPATH\CodeIgniter.php(502): CodeIgniter\CodeIgniter->runController(Object(App\Modules\Achat\controllers\Achat))
 6 SYSTEMPATH\CodeIgniter.php(361): CodeIgniter\CodeIgniter->handleRequest(null, Object(Config\Cache), false)
 7 FCPATH\index.php(79): CodeIgniter\CodeIgniter->run()
 8 SYSTEMPATH\Commands\Server\rewrite.php(47): require_once('E:\\charbel\\projects\\sa_maria\\public\\index.php')
CRITICAL - 2026-07-21 12:50:15 --> [Caused by] mysqli_sql_exception: Unknown column 'pl.ID' in 'field list'
in SYSTEMPATH\Database\MySQLi\Connection.php on line 306.
 1 SYSTEMPATH\Database\MySQLi\Connection.php(306): mysqli->query('SELECT pl.ID,pl.NUM_LOT, p.DESC_PRODUIT, pl.QTE, pl.QTE_RESTANT, pl.PU_ACHAT, pl.PU_VENTE, pl.DATE_EXPIRATION, f.NOM_FOURNISSEUR, pl.DATE_INSERTION,p.NBR_BOUTEILLE_PAR_CASIER
    FROM produits_lot pl
    JOIN produits p ON pl.ID_PRODUIT = p.ID_PRODUIT
    JOIN fournisseur f ON pl.ID_FOURNISSEUR = f.ID_FOURNISSEUR
    WHERE pl.EST_ACTIVE = 1', 0)
 2 SYSTEMPATH\Database\BaseConnection.php(693): CodeIgniter\Database\MySQLi\Connection->execute('SELECT pl.ID,pl.NUM_LOT, p.DESC_PRODUIT, pl.QTE, pl.QTE_RESTANT, pl.PU_ACHAT, pl.PU_VENTE, pl.DATE_EXPIRATION, f.NOM_FOURNISSEUR, pl.DATE_INSERTION,p.NBR_BOUTEILLE_PAR_CASIER
    FROM produits_lot pl
    JOIN produits p ON pl.ID_PRODUIT = p.ID_PRODUIT
    JOIN fournisseur f ON pl.ID_FOURNISSEUR = f.ID_FOURNISSEUR
    WHERE pl.EST_ACTIVE = 1')
 3 SYSTEMPATH\Database\BaseConnection.php(607): CodeIgniter\Database\BaseConnection->simpleQuery('SELECT pl.ID,pl.NUM_LOT, p.DESC_PRODUIT, pl.QTE, pl.QTE_RESTANT, pl.PU_ACHAT, pl.PU_VENTE, pl.DATE_EXPIRATION, f.NOM_FOURNISSEUR, pl.DATE_INSERTION,p.NBR_BOUTEILLE_PAR_CASIER
    FROM produits_lot pl
    JOIN produits p ON pl.ID_PRODUIT = p.ID_PRODUIT
    JOIN fournisseur f ON pl.ID_FOURNISSEUR = f.ID_FOURNISSEUR
    WHERE pl.EST_ACTIVE = 1')
 4 APPPATH\Modules\Achat\controllers\Achat.php(58): CodeIgniter\Database\BaseConnection->query('SELECT pl.ID,pl.NUM_LOT, p.DESC_PRODUIT, pl.QTE, pl.QTE_RESTANT, pl.PU_ACHAT, pl.PU_VENTE, pl.DATE_EXPIRATION, f.NOM_FOURNISSEUR, pl.DATE_INSERTION,p.NBR_BOUTEILLE_PAR_CASIER
    FROM produits_lot pl
    JOIN produits p ON pl.ID_PRODUIT = p.ID_PRODUIT
    JOIN fournisseur f ON pl.ID_FOURNISSEUR = f.ID_FOURNISSEUR
    WHERE pl.EST_ACTIVE = 1')
 5 SYSTEMPATH\CodeIgniter.php(941): App\Modules\Achat\controllers\Achat->get_list_view()
 6 SYSTEMPATH\CodeIgniter.php(502): CodeIgniter\CodeIgniter->runController(Object(App\Modules\Achat\controllers\Achat))
 7 SYSTEMPATH\CodeIgniter.php(361): CodeIgniter\CodeIgniter->handleRequest(null, Object(Config\Cache), false)
 8 FCPATH\index.php(79): CodeIgniter\CodeIgniter->run()
 9 SYSTEMPATH\Commands\Server\rewrite.php(47): require_once('E:\\charbel\\projects\\sa_maria\\public\\index.php')
INFO - 2026-07-21 12:50:31 --> Session: Class initialized using 'CodeIgniter\Session\Handlers\DatabaseHandler' driver.
INFO - 2026-07-21 12:54:57 --> Session: Class initialized using 'CodeIgniter\Session\Handlers\DatabaseHandler' driver.
INFO - 2026-07-21 13:22:46 --> Session: Class initialized using 'CodeIgniter\Session\Handlers\DatabaseHandler' driver.
CRITICAL - 2026-07-21 13:22:46 --> ErrorException: Undefined variable $menu
in APPPATH\Views\sidebar.php on line 39.
 1 APPPATH\Views\sidebar.php(39): CodeIgniter\Debug\Exceptions->errorHandler(2, 'Undefined variable $menu', 'E:\\charbel\\projects\\sa_maria\\app\\Views\\sidebar.php', 39)
 2 SYSTEMPATH\View\View.php(228): include('E:\\charbel\\projects\\sa_maria\\app\\Views\\sidebar.php')
 3 SYSTEMPATH\View\View.php(231): CodeIgniter\View\View->CodeIgniter\View\{closure}()
 4 SYSTEMPATH\Common.php(1178): CodeIgniter\View\View->render('sidebar.php', [], true)
 5 APPPATH\Modules\Commande\Views\Commande_Client_View.php(4): view('sidebar.php')
 6 SYSTEMPATH\View\View.php(228): include('E:\\charbel\\projects\\sa_maria\\app\\Modules\\Commande\\Views\\Commande_Client_View.php')
 7 SYSTEMPATH\View\View.php(231): CodeIgniter\View\View->CodeIgniter\View\{closure}()
 8 SYSTEMPATH\Common.php(1178): CodeIgniter\View\View->render('App\\Modules\\Commande\\Views\\Commande_Client_View', [], true)
 9 APPPATH\Modules\Commande\controllers\Commande_Client.php(17): view('App\\Modules\\Commande\\Views\\Commande_Client_View')
10 SYSTEMPATH\CodeIgniter.php(941): App\Modules\Commande\controllers\Commande_Client->get_view()
11 SYSTEMPATH\CodeIgniter.php(502): CodeIgniter\CodeIgniter->runController(Object(App\Modules\Commande\controllers\Commande_Client))
12 SYSTEMPATH\CodeIgniter.php(361): CodeIgniter\CodeIgniter->handleRequest(null, Object(Config\Cache), false)
13 FCPATH\index.php(79): CodeIgniter\CodeIgniter->run()
14 SYSTEMPATH\Commands\Server\rewrite.php(47): require_once('E:\\charbel\\projects\\sa_maria\\public\\index.php')
INFO - 2026-07-21 13:23:16 --> Session: Class initialized using 'CodeIgniter\Session\Handlers\DatabaseHandler' driver.
INFO - 2026-07-21 13:24:06 --> Session: Class initialized using 'CodeIgniter\Session\Handlers\DatabaseHandler' driver.
INFO - 2026-07-21 13:28:22 --> Session: Class initialized using 'CodeIgniter\Session\Handlers\DatabaseHandler' driver.
INFO - 2026-07-21 13:28:50 --> Session: Class initialized using 'CodeIgniter\Session\Handlers\DatabaseHandler' driver.
INFO - 2026-07-21 13:29:43 --> Session: Class initialized using 'CodeIgniter\Session\Handlers\DatabaseHandler' driver.
INFO - 2026-07-21 13:30:20 --> Session: Class initialized using 'CodeIgniter\Session\Handlers\DatabaseHandler' driver.
INFO - 2026-07-21 13:31:37 --> Session: Class initialized using 'CodeIgniter\Session\Handlers\DatabaseHandler' driver.
INFO - 2026-07-21 13:31:39 --> Session: Class initialized using 'CodeIgniter\Session\Handlers\DatabaseHandler' driver.
INFO - 2026-07-21 13:32:48 --> Session: Class initialized using 'CodeIgniter\Session\Handlers\DatabaseHandler' driver.
INFO - 2026-07-21 13:32:51 --> Session: Class initialized using 'CodeIgniter\Session\Handlers\DatabaseHandler' driver.
ERROR - 2026-07-21 13:32:51 --> mysqli_sql_exception: Invalid use of group function in E:\charbel\projects\sa_maria\system\Database\MySQLi\Connection.php:306
Stack trace:
#0 E:\charbel\projects\sa_maria\system\Database\MySQLi\Connection.php(306): mysqli->query('SELECT SUM(l.QT...', 0)
#1 E:\charbel\projects\sa_maria\system\Database\BaseConnection.php(693): CodeIgniter\Database\MySQLi\Connection->execute('SELECT SUM(l.QT...')
#2 E:\charbel\projects\sa_maria\system\Database\BaseConnection.php(607): CodeIgniter\Database\BaseConnection->simpleQuery('SELECT SUM(l.QT...')
#3 E:\charbel\projects\sa_maria\app\Modules\Commande\controllers\Commande_Client.php(27): CodeIgniter\Database\BaseConnection->query('SELECT SUM(l.QT...')
#4 E:\charbel\projects\sa_maria\system\CodeIgniter.php(941): App\Modules\Commande\controllers\Commande_Client->get_product()
#5 E:\charbel\projects\sa_maria\system\CodeIgniter.php(502): CodeIgniter\CodeIgniter->runController(Object(App\Modules\Commande\controllers\Commande_Client))
#6 E:\charbel\projects\sa_maria\system\CodeIgniter.php(361): CodeIgniter\CodeIgniter->handleRequest(NULL, Object(Config\Cache), false)
#7 E:\charbel\projects\sa_maria\public\index.php(79): CodeIgniter\CodeIgniter->run()
#8 E:\charbel\projects\sa_maria\system\Commands\Server\rewrite.php(47): require_once('E:\\charbel\\proj...')
#9 {main}
CRITICAL - 2026-07-21 13:32:51 --> CodeIgniter\Database\Exceptions\DatabaseException: Invalid use of group function
in SYSTEMPATH\Database\BaseConnection.php on line 647.
 1 APPPATH\Modules\Commande\controllers\Commande_Client.php(27): CodeIgniter\Database\BaseConnection->query('SELECT SUM(l.QTE_RESTANT) as qte,l.PU_VENTE FROM produits_lot l WHERE l.EST_ACTIVE=1 AND l.ID_PRODUIT=1 AND SUM(l.QTE_RESTANT)>0')
 2 SYSTEMPATH\CodeIgniter.php(941): App\Modules\Commande\controllers\Commande_Client->get_product()
 3 SYSTEMPATH\CodeIgniter.php(502): CodeIgniter\CodeIgniter->runController(Object(App\Modules\Commande\controllers\Commande_Client))
 4 SYSTEMPATH\CodeIgniter.php(361): CodeIgniter\CodeIgniter->handleRequest(null, Object(Config\Cache), false)
 5 FCPATH\index.php(79): CodeIgniter\CodeIgniter->run()
 6 SYSTEMPATH\Commands\Server\rewrite.php(47): require_once('E:\\charbel\\projects\\sa_maria\\public\\index.php')
CRITICAL - 2026-07-21 13:32:51 --> [Caused by] CodeIgniter\Database\Exceptions\DatabaseException: Invalid use of group function
in SYSTEMPATH\Database\MySQLi\Connection.php on line 311.
 1 SYSTEMPATH\Database\BaseConnection.php(693): CodeIgniter\Database\MySQLi\Connection->execute('SELECT SUM(l.QTE_RESTANT) as qte,l.PU_VENTE FROM produits_lot l WHERE l.EST_ACTIVE=1 AND l.ID_PRODUIT=1 AND SUM(l.QTE_RESTANT)>0')
 2 SYSTEMPATH\Database\BaseConnection.php(607): CodeIgniter\Database\BaseConnection->simpleQuery('SELECT SUM(l.QTE_RESTANT) as qte,l.PU_VENTE FROM produits_lot l WHERE l.EST_ACTIVE=1 AND l.ID_PRODUIT=1 AND SUM(l.QTE_RESTANT)>0')
 3 APPPATH\Modules\Commande\controllers\Commande_Client.php(27): CodeIgniter\Database\BaseConnection->query('SELECT SUM(l.QTE_RESTANT) as qte,l.PU_VENTE FROM produits_lot l WHERE l.EST_ACTIVE=1 AND l.ID_PRODUIT=1 AND SUM(l.QTE_RESTANT)>0')
 4 SYSTEMPATH\CodeIgniter.php(941): App\Modules\Commande\controllers\Commande_Client->get_product()
 5 SYSTEMPATH\CodeIgniter.php(502): CodeIgniter\CodeIgniter->runController(Object(App\Modules\Commande\controllers\Commande_Client))
 6 SYSTEMPATH\CodeIgniter.php(361): CodeIgniter\CodeIgniter->handleRequest(null, Object(Config\Cache), false)
 7 FCPATH\index.php(79): CodeIgniter\CodeIgniter->run()
 8 SYSTEMPATH\Commands\Server\rewrite.php(47): require_once('E:\\charbel\\projects\\sa_maria\\public\\index.php')
CRITICAL - 2026-07-21 13:32:51 --> [Caused by] mysqli_sql_exception: Invalid use of group function
in SYSTEMPATH\Database\MySQLi\Connection.php on line 306.
 1 SYSTEMPATH\Database\MySQLi\Connection.php(306): mysqli->query('SELECT SUM(l.QTE_RESTANT) as qte,l.PU_VENTE FROM produits_lot l WHERE l.EST_ACTIVE=1 AND l.ID_PRODUIT=1 AND SUM(l.QTE_RESTANT)>0', 0)
 2 SYSTEMPATH\Database\BaseConnection.php(693): CodeIgniter\Database\MySQLi\Connection->execute('SELECT SUM(l.QTE_RESTANT) as qte,l.PU_VENTE FROM produits_lot l WHERE l.EST_ACTIVE=1 AND l.ID_PRODUIT=1 AND SUM(l.QTE_RESTANT)>0')
 3 SYSTEMPATH\Database\BaseConnection.php(607): CodeIgniter\Database\BaseConnection->simpleQuery('SELECT SUM(l.QTE_RESTANT) as qte,l.PU_VENTE FROM produits_lot l WHERE l.EST_ACTIVE=1 AND l.ID_PRODUIT=1 AND SUM(l.QTE_RESTANT)>0')
 4 APPPATH\Modules\Commande\controllers\Commande_Client.php(27): CodeIgniter\Database\BaseConnection->query('SELECT SUM(l.QTE_RESTANT) as qte,l.PU_VENTE FROM produits_lot l WHERE l.EST_ACTIVE=1 AND l.ID_PRODUIT=1 AND SUM(l.QTE_RESTANT)>0')
 5 SYSTEMPATH\CodeIgniter.php(941): App\Modules\Commande\controllers\Commande_Client->get_product()
 6 SYSTEMPATH\CodeIgniter.php(502): CodeIgniter\CodeIgniter->runController(Object(App\Modules\Commande\controllers\Commande_Client))
 7 SYSTEMPATH\CodeIgniter.php(361): CodeIgniter\CodeIgniter->handleRequest(null, Object(Config\Cache), false)
 8 FCPATH\index.php(79): CodeIgniter\CodeIgniter->run()
 9 SYSTEMPATH\Commands\Server\rewrite.php(47): require_once('E:\\charbel\\projects\\sa_maria\\public\\index.php')
INFO - 2026-07-21 13:33:39 --> Session: Class initialized using 'CodeIgniter\Session\Handlers\DatabaseHandler' driver.
INFO - 2026-07-21 13:33:41 --> Session: Class initialized using 'CodeIgniter\Session\Handlers\DatabaseHandler' driver.
CRITICAL - 2026-07-21 13:33:41 --> Error: Undefined constant "App\Modules\Commande\controllers\ID_PRODUIT"
in APPPATH\Modules\Commande\controllers\Commande_Client.php on line 30.
 1 SYSTEMPATH\CodeIgniter.php(941): App\Modules\Commande\controllers\Commande_Client->get_product()
 2 SYSTEMPATH\CodeIgniter.php(502): CodeIgniter\CodeIgniter->runController(Object(App\Modules\Commande\controllers\Commande_Client))
 3 SYSTEMPATH\CodeIgniter.php(361): CodeIgniter\CodeIgniter->handleRequest(null, Object(Config\Cache), false)
 4 FCPATH\index.php(79): CodeIgniter\CodeIgniter->run()
 5 SYSTEMPATH\Commands\Server\rewrite.php(47): require_once('E:\\charbel\\projects\\sa_maria\\public\\index.php')
INFO - 2026-07-21 13:34:23 --> Session: Class initialized using 'CodeIgniter\Session\Handlers\DatabaseHandler' driver.
INFO - 2026-07-21 13:34:26 --> Session: Class initialized using 'CodeIgniter\Session\Handlers\DatabaseHandler' driver.
CRITICAL - 2026-07-21 13:34:26 --> ErrorException: Undefined variable $value
in APPPATH\Modules\Commande\controllers\Commande_Client.php on line 30.
 1 APPPATH\Modules\Commande\controllers\Commande_Client.php(30): CodeIgniter\Debug\Exceptions->errorHandler(2, 'Undefined variable $value', 'E:\\charbel\\projects\\sa_maria\\app\\Modules\\Commande\\controllers\\Commande_Client.php', 30)
 2 SYSTEMPATH\CodeIgniter.php(941): App\Modules\Commande\controllers\Commande_Client->get_product()
 3 SYSTEMPATH\CodeIgniter.php(502): CodeIgniter\CodeIgniter->runController(Object(App\Modules\Commande\controllers\Commande_Client))
 4 SYSTEMPATH\CodeIgniter.php(361): CodeIgniter\CodeIgniter->handleRequest(null, Object(Config\Cache), false)
 5 FCPATH\index.php(79): CodeIgniter\CodeIgniter->run()
 6 SYSTEMPATH\Commands\Server\rewrite.php(47): require_once('E:\\charbel\\projects\\sa_maria\\public\\index.php')
INFO - 2026-07-21 13:34:44 --> Session: Class initialized using 'CodeIgniter\Session\Handlers\DatabaseHandler' driver.
INFO - 2026-07-21 13:34:46 --> Session: Class initialized using 'CodeIgniter\Session\Handlers\DatabaseHandler' driver.
CRITICAL - 2026-07-21 13:34:46 --> ErrorException: Undefined variable $key
in APPPATH\Modules\Commande\controllers\Commande_Client.php on line 27.
 1 APPPATH\Modules\Commande\controllers\Commande_Client.php(27): CodeIgniter\Debug\Exceptions->errorHandler(2, 'Undefined variable $key', 'E:\\charbel\\projects\\sa_maria\\app\\Modules\\Commande\\controllers\\Commande_Client.php', 27)
 2 SYSTEMPATH\CodeIgniter.php(941): App\Modules\Commande\controllers\Commande_Client->get_product()
 3 SYSTEMPATH\CodeIgniter.php(502): CodeIgniter\CodeIgniter->runController(Object(App\Modules\Commande\controllers\Commande_Client))
 4 SYSTEMPATH\CodeIgniter.php(361): CodeIgniter\CodeIgniter->handleRequest(null, Object(Config\Cache), false)
 5 FCPATH\index.php(79): CodeIgniter\CodeIgniter->run()
 6 SYSTEMPATH\Commands\Server\rewrite.php(47): require_once('E:\\charbel\\projects\\sa_maria\\public\\index.php')
INFO - 2026-07-21 13:35:17 --> Session: Class initialized using 'CodeIgniter\Session\Handlers\DatabaseHandler' driver.
INFO - 2026-07-21 13:35:19 --> Session: Class initialized using 'CodeIgniter\Session\Handlers\DatabaseHandler' driver.
CRITICAL - 2026-07-21 13:36:25 --> ParseError: syntax error, unexpected double-quoted string " selected disabled>Choisir le ..."
in APPPATH\Modules\Commande\controllers\Commande_Client.php on line 25.
 1 SYSTEMPATH\Autoloader\Autoloader.php(288): CodeIgniter\Autoloader\Autoloader->includeFile('E:\\charbel\\projects\\sa_maria\\app\\Modules\\Commande\\controllers\\Commande_Client.php')
 2 SYSTEMPATH\Autoloader\Autoloader.php(266): CodeIgniter\Autoloader\Autoloader->loadInNamespace('App\\Modules\\Commande\\controllers\\Commande_Client')
 3 [internal function]: CodeIgniter\Autoloader\Autoloader->loadClass('App\\Modules\\Commande\\controllers\\Commande_Client')
 4 SYSTEMPATH\CodeIgniter.php(899): class_exists('\\App\\Modules\\Commande\\controllers\\Commande_Client', true)
 5 SYSTEMPATH\CodeIgniter.php(489): CodeIgniter\CodeIgniter->startController()
 6 SYSTEMPATH\CodeIgniter.php(361): CodeIgniter\CodeIgniter->handleRequest(null, Object(Config\Cache), false)
 7 FCPATH\index.php(79): CodeIgniter\CodeIgniter->run()
 8 SYSTEMPATH\Commands\Server\rewrite.php(47): require_once('E:\\charbel\\projects\\sa_maria\\public\\index.php')
CRITICAL - 2026-07-21 13:37:20 --> ParseError: syntax error, unexpected double-quoted string "' selected disabled>Choisir le..."
in APPPATH\Modules\Commande\controllers\Commande_Client.php on line 25.
 1 SYSTEMPATH\Autoloader\Autoloader.php(288): CodeIgniter\Autoloader\Autoloader->includeFile('E:\\charbel\\projects\\sa_maria\\app\\Modules\\Commande\\controllers\\Commande_Client.php')
 2 SYSTEMPATH\Autoloader\Autoloader.php(266): CodeIgniter\Autoloader\Autoloader->loadInNamespace('App\\Modules\\Commande\\controllers\\Commande_Client')
 3 [internal function]: CodeIgniter\Autoloader\Autoloader->loadClass('App\\Modules\\Commande\\controllers\\Commande_Client')
 4 SYSTEMPATH\CodeIgniter.php(899): class_exists('\\App\\Modules\\Commande\\controllers\\Commande_Client', true)
 5 SYSTEMPATH\CodeIgniter.php(489): CodeIgniter\CodeIgniter->startController()
 6 SYSTEMPATH\CodeIgniter.php(361): CodeIgniter\CodeIgniter->handleRequest(null, Object(Config\Cache), false)
 7 FCPATH\index.php(79): CodeIgniter\CodeIgniter->run()
 8 SYSTEMPATH\Commands\Server\rewrite.php(47): require_once('E:\\charbel\\projects\\sa_maria\\public\\index.php')
INFO - 2026-07-21 13:37:41 --> Session: Class initialized using 'CodeIgniter\Session\Handlers\DatabaseHandler' driver.
INFO - 2026-07-21 13:37:43 --> Session: Class initialized using 'CodeIgniter\Session\Handlers\DatabaseHandler' driver.
INFO - 2026-07-21 13:38:29 --> Session: Class initialized using 'CodeIgniter\Session\Handlers\DatabaseHandler' driver.
INFO - 2026-07-21 13:38:31 --> Session: Class initialized using 'CodeIgniter\Session\Handlers\DatabaseHandler' driver.
INFO - 2026-07-21 13:38:48 --> Session: Class initialized using 'CodeIgniter\Session\Handlers\DatabaseHandler' driver.
INFO - 2026-07-21 13:38:49 --> Session: Class initialized using 'CodeIgniter\Session\Handlers\DatabaseHandler' driver.
INFO - 2026-07-21 13:39:05 --> Session: Class initialized using 'CodeIgniter\Session\Handlers\DatabaseHandler' driver.
INFO - 2026-07-21 13:39:23 --> Session: Class initialized using 'CodeIgniter\Session\Handlers\DatabaseHandler' driver.
INFO - 2026-07-21 13:39:24 --> Session: Class initialized using 'CodeIgniter\Session\Handlers\DatabaseHandler' driver.
INFO - 2026-07-21 13:58:50 --> Session: Class initialized using 'CodeIgniter\Session\Handlers\DatabaseHandler' driver.
INFO - 2026-07-21 13:58:52 --> Session: Class initialized using 'CodeIgniter\Session\Handlers\DatabaseHandler' driver.
INFO - 2026-07-21 13:59:15 --> Session: Class initialized using 'CodeIgniter\Session\Handlers\DatabaseHandler' driver.
INFO - 2026-07-21 13:59:18 --> Session: Class initialized using 'CodeIgniter\Session\Handlers\DatabaseHandler' driver.
INFO - 2026-07-21 13:59:46 --> Session: Class initialized using 'CodeIgniter\Session\Handlers\DatabaseHandler' driver.
INFO - 2026-07-21 13:59:48 --> Session: Class initialized using 'CodeIgniter\Session\Handlers\DatabaseHandler' driver.
INFO - 2026-07-21 14:00:13 --> Session: Class initialized using 'CodeIgniter\Session\Handlers\DatabaseHandler' driver.
INFO - 2026-07-21 14:00:16 --> Session: Class initialized using 'CodeIgniter\Session\Handlers\DatabaseHandler' driver.
INFO - 2026-07-21 14:00:54 --> Session: Class initialized using 'CodeIgniter\Session\Handlers\DatabaseHandler' driver.
INFO - 2026-07-21 14:00:56 --> Session: Class initialized using 'CodeIgniter\Session\Handlers\DatabaseHandler' driver.
INFO - 2026-07-21 14:01:11 --> Session: Class initialized using 'CodeIgniter\Session\Handlers\DatabaseHandler' driver.
INFO - 2026-07-21 14:01:14 --> Session: Class initialized using 'CodeIgniter\Session\Handlers\DatabaseHandler' driver.
INFO - 2026-07-21 14:04:00 --> Session: Class initialized using 'CodeIgniter\Session\Handlers\DatabaseHandler' driver.
INFO - 2026-07-21 14:04:03 --> Session: Class initialized using 'CodeIgniter\Session\Handlers\DatabaseHandler' driver.
CRITICAL - 2026-07-21 14:04:03 --> ErrorException: Undefined property: stdClass::$PU_VENTE
in APPPATH\Modules\Commande\controllers\Commande_Client.php on line 32.
 1 APPPATH\Modules\Commande\controllers\Commande_Client.php(32): CodeIgniter\Debug\Exceptions->errorHandler(2, 'Undefined property: stdClass::$PU_VENTE', 'E:\\charbel\\projects\\sa_maria\\app\\Modules\\Commande\\controllers\\Commande_Client.php', 32)
 2 SYSTEMPATH\CodeIgniter.php(941): App\Modules\Commande\controllers\Commande_Client->get_product()
 3 SYSTEMPATH\CodeIgniter.php(502): CodeIgniter\CodeIgniter->runController(Object(App\Modules\Commande\controllers\Commande_Client))
 4 SYSTEMPATH\CodeIgniter.php(361): CodeIgniter\CodeIgniter->handleRequest(null, Object(Config\Cache), false)
 5 FCPATH\index.php(79): CodeIgniter\CodeIgniter->run()
 6 SYSTEMPATH\Commands\Server\rewrite.php(47): require_once('E:\\charbel\\projects\\sa_maria\\public\\index.php')
CRITICAL - 2026-07-21 14:05:12 --> ParseError: syntax error, unexpected token ";", expecting ")"
in APPPATH\Modules\Commande\controllers\Commande_Client.php on line 32.
 1 SYSTEMPATH\Autoloader\Autoloader.php(288): CodeIgniter\Autoloader\Autoloader->includeFile('E:\\charbel\\projects\\sa_maria\\app\\Modules\\Commande\\controllers\\Commande_Client.php')
 2 SYSTEMPATH\Autoloader\Autoloader.php(266): CodeIgniter\Autoloader\Autoloader->loadInNamespace('App\\Modules\\Commande\\controllers\\Commande_Client')
 3 [internal function]: CodeIgniter\Autoloader\Autoloader->loadClass('App\\Modules\\Commande\\controllers\\Commande_Client')
 4 SYSTEMPATH\CodeIgniter.php(899): class_exists('\\App\\Modules\\Commande\\controllers\\Commande_Client', true)
 5 SYSTEMPATH\CodeIgniter.php(489): CodeIgniter\CodeIgniter->startController()
 6 SYSTEMPATH\CodeIgniter.php(361): CodeIgniter\CodeIgniter->handleRequest(null, Object(Config\Cache), false)
 7 FCPATH\index.php(79): CodeIgniter\CodeIgniter->run()
 8 SYSTEMPATH\Commands\Server\rewrite.php(47): require_once('E:\\charbel\\projects\\sa_maria\\public\\index.php')
INFO - 2026-07-21 14:05:22 --> Session: Class initialized using 'CodeIgniter\Session\Handlers\DatabaseHandler' driver.
INFO - 2026-07-21 14:05:24 --> Session: Class initialized using 'CodeIgniter\Session\Handlers\DatabaseHandler' driver.
CRITICAL - 2026-07-21 14:05:24 --> Error: Cannot use object of type stdClass as array
in APPPATH\Modules\Commande\controllers\Commande_Client.php on line 32.
 1 SYSTEMPATH\CodeIgniter.php(941): App\Modules\Commande\controllers\Commande_Client->get_product()
 2 SYSTEMPATH\CodeIgniter.php(502): CodeIgniter\CodeIgniter->runController(Object(App\Modules\Commande\controllers\Commande_Client))
 3 SYSTEMPATH\CodeIgniter.php(361): CodeIgniter\CodeIgniter->handleRequest(null, Object(Config\Cache), false)
 4 FCPATH\index.php(79): CodeIgniter\CodeIgniter->run()
 5 SYSTEMPATH\Commands\Server\rewrite.php(47): require_once('E:\\charbel\\projects\\sa_maria\\public\\index.php')
INFO - 2026-07-21 14:05:49 --> Session: Class initialized using 'CodeIgniter\Session\Handlers\DatabaseHandler' driver.
INFO - 2026-07-21 14:05:51 --> Session: Class initialized using 'CodeIgniter\Session\Handlers\DatabaseHandler' driver.
INFO - 2026-07-21 14:06:21 --> Session: Class initialized using 'CodeIgniter\Session\Handlers\DatabaseHandler' driver.
INFO - 2026-07-21 14:06:23 --> Session: Class initialized using 'CodeIgniter\Session\Handlers\DatabaseHandler' driver.
INFO - 2026-07-21 14:09:31 --> Session: Class initialized using 'CodeIgniter\Session\Handlers\DatabaseHandler' driver.
INFO - 2026-07-21 14:09:33 --> Session: Class initialized using 'CodeIgniter\Session\Handlers\DatabaseHandler' driver.
INFO - 2026-07-21 14:09:56 --> Session: Class initialized using 'CodeIgniter\Session\Handlers\DatabaseHandler' driver.
INFO - 2026-07-21 14:09:58 --> Session: Class initialized using 'CodeIgniter\Session\Handlers\DatabaseHandler' driver.
INFO - 2026-07-21 14:10:31 --> Session: Class initialized using 'CodeIgniter\Session\Handlers\DatabaseHandler' driver.
INFO - 2026-07-21 14:10:33 --> Session: Class initialized using 'CodeIgniter\Session\Handlers\DatabaseHandler' driver.
INFO - 2026-07-21 14:12:19 --> Session: Class initialized using 'CodeIgniter\Session\Handlers\DatabaseHandler' driver.
INFO - 2026-07-21 14:12:22 --> Session: Class initialized using 'CodeIgniter\Session\Handlers\DatabaseHandler' driver.
INFO - 2026-07-21 14:16:32 --> Session: Class initialized using 'CodeIgniter\Session\Handlers\DatabaseHandler' driver.
INFO - 2026-07-21 14:16:34 --> Session: Class initialized using 'CodeIgniter\Session\Handlers\DatabaseHandler' driver.
INFO - 2026-07-21 14:18:06 --> Session: Class initialized using 'CodeIgniter\Session\Handlers\DatabaseHandler' driver.
INFO - 2026-07-21 14:18:09 --> Session: Class initialized using 'CodeIgniter\Session\Handlers\DatabaseHandler' driver.
INFO - 2026-07-21 14:20:11 --> Session: Class initialized using 'CodeIgniter\Session\Handlers\DatabaseHandler' driver.
INFO - 2026-07-21 14:20:13 --> Session: Class initialized using 'CodeIgniter\Session\Handlers\DatabaseHandler' driver.
INFO - 2026-07-21 14:21:52 --> Session: Class initialized using 'CodeIgniter\Session\Handlers\DatabaseHandler' driver.
INFO - 2026-07-21 14:21:54 --> Session: Class initialized using 'CodeIgniter\Session\Handlers\DatabaseHandler' driver.
INFO - 2026-07-21 14:22:34 --> Session: Class initialized using 'CodeIgniter\Session\Handlers\DatabaseHandler' driver.
INFO - 2026-07-21 14:22:36 --> Session: Class initialized using 'CodeIgniter\Session\Handlers\DatabaseHandler' driver.
INFO - 2026-07-21 14:43:42 --> Session: Class initialized using 'CodeIgniter\Session\Handlers\DatabaseHandler' driver.
INFO - 2026-07-21 14:43:45 --> Session: Class initialized using 'CodeIgniter\Session\Handlers\DatabaseHandler' driver.
INFO - 2026-07-21 14:46:50 --> Session: Class initialized using 'CodeIgniter\Session\Handlers\DatabaseHandler' driver.
INFO - 2026-07-21 14:46:52 --> Session: Class initialized using 'CodeIgniter\Session\Handlers\DatabaseHandler' driver.
INFO - 2026-07-21 14:48:20 --> Session: Class initialized using 'CodeIgniter\Session\Handlers\DatabaseHandler' driver.
INFO - 2026-07-21 14:48:22 --> Session: Class initialized using 'CodeIgniter\Session\Handlers\DatabaseHandler' driver.
INFO - 2026-07-21 14:49:32 --> Session: Class initialized using 'CodeIgniter\Session\Handlers\DatabaseHandler' driver.
INFO - 2026-07-21 14:49:34 --> Session: Class initialized using 'CodeIgniter\Session\Handlers\DatabaseHandler' driver.
INFO - 2026-07-21 14:50:31 --> Session: Class initialized using 'CodeIgniter\Session\Handlers\DatabaseHandler' driver.
INFO - 2026-07-21 14:50:33 --> Session: Class initialized using 'CodeIgniter\Session\Handlers\DatabaseHandler' driver.
INFO - 2026-07-21 14:51:51 --> Session: Class initialized using 'CodeIgniter\Session\Handlers\DatabaseHandler' driver.
INFO - 2026-07-21 14:51:53 --> Session: Class initialized using 'CodeIgniter\Session\Handlers\DatabaseHandler' driver.
INFO - 2026-07-21 14:52:29 --> Session: Class initialized using 'CodeIgniter\Session\Handlers\DatabaseHandler' driver.
INFO - 2026-07-21 14:52:32 --> Session: Class initialized using 'CodeIgniter\Session\Handlers\DatabaseHandler' driver.
INFO - 2026-07-21 14:58:22 --> Session: Class initialized using 'CodeIgniter\Session\Handlers\DatabaseHandler' driver.
INFO - 2026-07-21 14:58:24 --> Session: Class initialized using 'CodeIgniter\Session\Handlers\DatabaseHandler' driver.
INFO - 2026-07-21 14:59:46 --> Session: Class initialized using 'CodeIgniter\Session\Handlers\DatabaseHandler' driver.
INFO - 2026-07-21 14:59:48 --> Session: Class initialized using 'CodeIgniter\Session\Handlers\DatabaseHandler' driver.
INFO - 2026-07-21 15:00:55 --> Session: Class initialized using 'CodeIgniter\Session\Handlers\DatabaseHandler' driver.
INFO - 2026-07-21 15:01:16 --> Session: Class initialized using 'CodeIgniter\Session\Handlers\DatabaseHandler' driver.
INFO - 2026-07-21 15:03:17 --> Session: Class initialized using 'CodeIgniter\Session\Handlers\DatabaseHandler' driver.
INFO - 2026-07-21 15:03:19 --> Session: Class initialized using 'CodeIgniter\Session\Handlers\DatabaseHandler' driver.
INFO - 2026-07-21 15:04:01 --> Session: Class initialized using 'CodeIgniter\Session\Handlers\DatabaseHandler' driver.
INFO - 2026-07-21 15:04:04 --> Session: Class initialized using 'CodeIgniter\Session\Handlers\DatabaseHandler' driver.
INFO - 2026-07-21 15:05:31 --> Session: Class initialized using 'CodeIgniter\Session\Handlers\DatabaseHandler' driver.
INFO - 2026-07-21 15:05:33 --> Session: Class initialized using 'CodeIgniter\Session\Handlers\DatabaseHandler' driver.
INFO - 2026-07-21 15:06:59 --> Session: Class initialized using 'CodeIgniter\Session\Handlers\DatabaseHandler' driver.
INFO - 2026-07-21 15:07:02 --> Session: Class initialized using 'CodeIgniter\Session\Handlers\DatabaseHandler' driver.
INFO - 2026-07-21 15:07:47 --> Session: Class initialized using 'CodeIgniter\Session\Handlers\DatabaseHandler' driver.
INFO - 2026-07-21 15:07:50 --> Session: Class initialized using 'CodeIgniter\Session\Handlers\DatabaseHandler' driver.
INFO - 2026-07-21 15:12:34 --> Session: Class initialized using 'CodeIgniter\Session\Handlers\DatabaseHandler' driver.
INFO - 2026-07-21 15:12:36 --> Session: Class initialized using 'CodeIgniter\Session\Handlers\DatabaseHandler' driver.
INFO - 2026-07-21 15:13:43 --> Session: Class initialized using 'CodeIgniter\Session\Handlers\DatabaseHandler' driver.
INFO - 2026-07-21 15:13:46 --> Session: Class initialized using 'CodeIgniter\Session\Handlers\DatabaseHandler' driver.
INFO - 2026-07-21 15:15:16 --> Session: Class initialized using 'CodeIgniter\Session\Handlers\DatabaseHandler' driver.
INFO - 2026-07-21 15:15:19 --> Session: Class initialized using 'CodeIgniter\Session\Handlers\DatabaseHandler' driver.
INFO - 2026-07-21 15:20:31 --> Session: Class initialized using 'CodeIgniter\Session\Handlers\DatabaseHandler' driver.
INFO - 2026-07-21 15:20:56 --> Session: Class initialized using 'CodeIgniter\Session\Handlers\DatabaseHandler' driver.
INFO - 2026-07-21 15:20:58 --> Session: Class initialized using 'CodeIgniter\Session\Handlers\DatabaseHandler' driver.
INFO - 2026-07-21 15:21:48 --> Session: Class initialized using 'CodeIgniter\Session\Handlers\DatabaseHandler' driver.
INFO - 2026-07-21 15:21:50 --> Session: Class initialized using 'CodeIgniter\Session\Handlers\DatabaseHandler' driver.
