INFO - 2026-04-09 06:33:37 --> Session: Class initialized using 'CodeIgniter\Session\Handlers\DatabaseHandler' driver.
INFO - 2026-04-09 06:37:21 --> Session: Class initialized using 'CodeIgniter\Session\Handlers\DatabaseHandler' driver.
INFO - 2026-04-09 06:37:22 --> Session: Class initialized using 'CodeIgniter\Session\Handlers\DatabaseHandler' driver.
INFO - 2026-04-09 06:37:25 --> Session: Class initialized using 'CodeIgniter\Session\Handlers\DatabaseHandler' driver.
INFO - 2026-04-09 06:37:31 --> Session: Class initialized using 'CodeIgniter\Session\Handlers\DatabaseHandler' driver.
CRITICAL - 2026-04-09 06:37:31 --> ErrorException: Undefined variable $db
in APPPATH\Controllers\depense\depense.php on line 16.
 1 APPPATH\Controllers\depense\depense.php(16): CodeIgniter\Debug\Exceptions->errorHandler(2, 'Undefined variable $db', 'C:\\xampp\\htdocs\\sa_maria\\app\\Controllers\\depense\\depense.php', 16)
 2 SYSTEMPATH\CodeIgniter.php(941): App\Controllers\Depense\Depense->get_view()
 3 SYSTEMPATH\CodeIgniter.php(502): CodeIgniter\CodeIgniter->runController(Object(App\Controllers\Depense\Depense))
 4 SYSTEMPATH\CodeIgniter.php(361): CodeIgniter\CodeIgniter->handleRequest(null, Object(Config\Cache), false)
 5 FCPATH\index.php(79): CodeIgniter\CodeIgniter->run()
 6 SYSTEMPATH\Commands\Server\rewrite.php(47): require_once('C:\\xampp\\htdocs\\sa_maria\\public\\index.php')
INFO - 2026-04-09 06:38:00 --> Session: Class initialized using 'CodeIgniter\Session\Handlers\DatabaseHandler' driver.
CRITICAL - 2026-04-09 08:38:00 --> ErrorException: Undefined variable $depense
in APPPATH\Views\depense\Depense_List_view.php on line 45.
 1 APPPATH\Views\depense\Depense_List_view.php(45): CodeIgniter\Debug\Exceptions->errorHandler(2, 'Undefined variable $depense', 'C:\\xampp\\htdocs\\sa_maria\\app\\Views\\depense\\Depense_List_view.php', 45)
 2 SYSTEMPATH\View\View.php(228): include('C:\\xampp\\htdocs\\sa_maria\\app\\Views\\depense\\Depense_List_view.php')
 3 SYSTEMPATH\View\View.php(231): CodeIgniter\View\View->CodeIgniter\View\{closure}()
 4 SYSTEMPATH\Common.php(1178): CodeIgniter\View\View->render('Depense/Depense_List_View', [], true)
 5 APPPATH\Controllers\depense\depense.php(22): view('Depense/Depense_List_View', [...])
 6 SYSTEMPATH\CodeIgniter.php(941): App\Controllers\Depense\Depense->get_view()
 7 SYSTEMPATH\CodeIgniter.php(502): CodeIgniter\CodeIgniter->runController(Object(App\Controllers\Depense\Depense))
 8 SYSTEMPATH\CodeIgniter.php(361): CodeIgniter\CodeIgniter->handleRequest(null, Object(Config\Cache), false)
 9 FCPATH\index.php(79): CodeIgniter\CodeIgniter->run()
10 SYSTEMPATH\Commands\Server\rewrite.php(47): require_once('C:\\xampp\\htdocs\\sa_maria\\public\\index.php')
INFO - 2026-04-09 06:38:10 --> Session: Class initialized using 'CodeIgniter\Session\Handlers\DatabaseHandler' driver.
INFO - 2026-04-09 06:38:51 --> Session: Class initialized using 'CodeIgniter\Session\Handlers\DatabaseHandler' driver.
CRITICAL - 2026-04-09 08:38:51 --> ErrorException: Undefined property: stdClass::$DATE_INSERTION
in APPPATH\Views\depense\Depense_List_view.php on line 55.
 1 APPPATH\Views\depense\Depense_List_view.php(55): CodeIgniter\Debug\Exceptions->errorHandler(2, 'Undefined property: stdClass::$DATE_INSERTION', 'C:\\xampp\\htdocs\\sa_maria\\app\\Views\\depense\\Depense_List_view.php', 55)
 2 SYSTEMPATH\View\View.php(228): include('C:\\xampp\\htdocs\\sa_maria\\app\\Views\\depense\\Depense_List_view.php')
 3 SYSTEMPATH\View\View.php(231): CodeIgniter\View\View->CodeIgniter\View\{closure}()
 4 SYSTEMPATH\Common.php(1178): CodeIgniter\View\View->render('Depense/Depense_List_View', [], true)
 5 APPPATH\Controllers\depense\depense.php(22): view('Depense/Depense_List_View', [...])
 6 SYSTEMPATH\CodeIgniter.php(941): App\Controllers\Depense\Depense->get_view()
 7 SYSTEMPATH\CodeIgniter.php(502): CodeIgniter\CodeIgniter->runController(Object(App\Controllers\Depense\Depense))
 8 SYSTEMPATH\CodeIgniter.php(361): CodeIgniter\CodeIgniter->handleRequest(null, Object(Config\Cache), false)
 9 FCPATH\index.php(79): CodeIgniter\CodeIgniter->run()
10 SYSTEMPATH\Commands\Server\rewrite.php(47): require_once('C:\\xampp\\htdocs\\sa_maria\\public\\index.php')
INFO - 2026-04-09 06:39:51 --> Session: Class initialized using 'CodeIgniter\Session\Handlers\DatabaseHandler' driver.
INFO - 2026-04-09 06:40:24 --> Session: Class initialized using 'CodeIgniter\Session\Handlers\DatabaseHandler' driver.
INFO - 2026-04-09 06:41:05 --> Session: Class initialized using 'CodeIgniter\Session\Handlers\DatabaseHandler' driver.
INFO - 2026-04-09 06:41:20 --> Session: Class initialized using 'CodeIgniter\Session\Handlers\DatabaseHandler' driver.
INFO - 2026-04-09 06:41:30 --> Session: Class initialized using 'CodeIgniter\Session\Handlers\DatabaseHandler' driver.
INFO - 2026-04-09 06:50:00 --> Session: Class initialized using 'CodeIgniter\Session\Handlers\DatabaseHandler' driver.
INFO - 2026-04-09 07:03:55 --> Session: Class initialized using 'CodeIgniter\Session\Handlers\DatabaseHandler' driver.
INFO - 2026-04-09 07:05:18 --> Session: Class initialized using 'CodeIgniter\Session\Handlers\DatabaseHandler' driver.
INFO - 2026-04-09 07:05:55 --> Session: Class initialized using 'CodeIgniter\Session\Handlers\DatabaseHandler' driver.
INFO - 2026-04-09 07:11:06 --> Session: Class initialized using 'CodeIgniter\Session\Handlers\DatabaseHandler' driver.
INFO - 2026-04-09 07:11:29 --> Session: Class initialized using 'CodeIgniter\Session\Handlers\DatabaseHandler' driver.
CRITICAL - 2026-04-09 07:11:29 --> TypeError: CodeIgniter\Model::insert(): Argument #2 ($returnID) must be of type bool, array given, called in C:\xampp\htdocs\sa_maria\app\Controllers\depense\depense.php on line 42
in SYSTEMPATH\Model.php on line 730.
 1 APPPATH\Controllers\depense\depense.php(42): CodeIgniter\Model->insert('depenses', [...])
 2 SYSTEMPATH\CodeIgniter.php(941): App\Controllers\Depense\Depense->save_depense()
 3 SYSTEMPATH\CodeIgniter.php(502): CodeIgniter\CodeIgniter->runController(Object(App\Controllers\Depense\Depense))
 4 SYSTEMPATH\CodeIgniter.php(361): CodeIgniter\CodeIgniter->handleRequest(null, Object(Config\Cache), false)
 5 FCPATH\index.php(79): CodeIgniter\CodeIgniter->run()
 6 SYSTEMPATH\Commands\Server\rewrite.php(47): require_once('C:\\xampp\\htdocs\\sa_maria\\public\\index.php')
INFO - 2026-04-09 07:11:33 --> Session: Class initialized using 'CodeIgniter\Session\Handlers\DatabaseHandler' driver.
CRITICAL - 2026-04-09 07:11:33 --> TypeError: CodeIgniter\Model::insert(): Argument #2 ($returnID) must be of type bool, array given, called in C:\xampp\htdocs\sa_maria\app\Controllers\depense\depense.php on line 42
in SYSTEMPATH\Model.php on line 730.
 1 APPPATH\Controllers\depense\depense.php(42): CodeIgniter\Model->insert('depenses', [...])
 2 SYSTEMPATH\CodeIgniter.php(941): App\Controllers\Depense\Depense->save_depense()
 3 SYSTEMPATH\CodeIgniter.php(502): CodeIgniter\CodeIgniter->runController(Object(App\Controllers\Depense\Depense))
 4 SYSTEMPATH\CodeIgniter.php(361): CodeIgniter\CodeIgniter->handleRequest(null, Object(Config\Cache), false)
 5 FCPATH\index.php(79): CodeIgniter\CodeIgniter->run()
 6 SYSTEMPATH\Commands\Server\rewrite.php(47): require_once('C:\\xampp\\htdocs\\sa_maria\\public\\index.php')
INFO - 2026-04-09 07:11:42 --> Session: Class initialized using 'CodeIgniter\Session\Handlers\DatabaseHandler' driver.
CRITICAL - 2026-04-09 07:11:42 --> TypeError: CodeIgniter\Model::insert(): Argument #2 ($returnID) must be of type bool, array given, called in C:\xampp\htdocs\sa_maria\app\Controllers\depense\depense.php on line 42
in SYSTEMPATH\Model.php on line 730.
 1 APPPATH\Controllers\depense\depense.php(42): CodeIgniter\Model->insert('depenses', [...])
 2 SYSTEMPATH\CodeIgniter.php(941): App\Controllers\Depense\Depense->save_depense()
 3 SYSTEMPATH\CodeIgniter.php(502): CodeIgniter\CodeIgniter->runController(Object(App\Controllers\Depense\Depense))
 4 SYSTEMPATH\CodeIgniter.php(361): CodeIgniter\CodeIgniter->handleRequest(null, Object(Config\Cache), false)
 5 FCPATH\index.php(79): CodeIgniter\CodeIgniter->run()
 6 SYSTEMPATH\Commands\Server\rewrite.php(47): require_once('C:\\xampp\\htdocs\\sa_maria\\public\\index.php')
INFO - 2026-04-09 07:12:23 --> Session: Class initialized using 'CodeIgniter\Session\Handlers\DatabaseHandler' driver.
ERROR - 2026-04-09 07:12:23 --> mysqli_sql_exception: Column 'ID_USER' cannot be null in C:\xampp\htdocs\sa_maria\system\Database\MySQLi\Connection.php:306
Stack trace:
#0 C:\xampp\htdocs\sa_maria\system\Database\MySQLi\Connection.php(306): mysqli->query('INSERT INTO `de...', 0)
#1 C:\xampp\htdocs\sa_maria\system\Database\BaseConnection.php(693): CodeIgniter\Database\MySQLi\Connection->execute('INSERT INTO `de...')
#2 C:\xampp\htdocs\sa_maria\system\Database\BaseConnection.php(607): CodeIgniter\Database\BaseConnection->simpleQuery('INSERT INTO `de...')
#3 C:\xampp\htdocs\sa_maria\system\Database\BaseBuilder.php(2307): CodeIgniter\Database\BaseConnection->query('INSERT INTO `de...', Array, false)
#4 C:\xampp\htdocs\sa_maria\app\Models\My_Model.php(21): CodeIgniter\Database\BaseBuilder->insert(Array)
#5 C:\xampp\htdocs\sa_maria\app\Controllers\BaseController.php(46): App\Models\My_Model->create('depenses', Array)
#6 C:\xampp\htdocs\sa_maria\app\Controllers\depense\depense.php(42): App\Controllers\BaseController->save('depenses', Array)
#7 C:\xampp\htdocs\sa_maria\system\CodeIgniter.php(941): App\Controllers\Depense\Depense->save_depense()
#8 C:\xampp\htdocs\sa_maria\system\CodeIgniter.php(502): CodeIgniter\CodeIgniter->runController(Object(App\Controllers\Depense\Depense))
#9 C:\xampp\htdocs\sa_maria\system\CodeIgniter.php(361): CodeIgniter\CodeIgniter->handleRequest(NULL, Object(Config\Cache), false)
#10 C:\xampp\htdocs\sa_maria\public\index.php(79): CodeIgniter\CodeIgniter->run()
#11 C:\xampp\htdocs\sa_maria\system\Commands\Server\rewrite.php(47): require_once('C:\\xampp\\htdocs...')
#12 {main}
CRITICAL - 2026-04-09 07:12:23 --> CodeIgniter\Database\Exceptions\DatabaseException: Column 'ID_USER' cannot be null
in SYSTEMPATH\Database\BaseConnection.php on line 647.
 1 SYSTEMPATH\Database\BaseBuilder.php(2307): CodeIgniter\Database\BaseConnection->query('INSERT INTO `depenses` (`ID_TYPE_DEPENSE`, `MONTANT`, `DATE_DEPENSE`, `ID_USER`, `DATE_INSERTION`) VALUES (:ID_TYPE_DEPENSE:, :MONTANT:, :DATE_DEPENSE:, :ID_USER:, :DATE_INSERTION:)', [...], false)
 2 APPPATH\Models\My_Model.php(21): CodeIgniter\Database\BaseBuilder->insert([...])
 3 APPPATH\Controllers\BaseController.php(46): App\Models\My_Model->create('depenses', [...])
 4 APPPATH\Controllers\depense\depense.php(42): App\Controllers\BaseController->save('depenses', [...])
 5 SYSTEMPATH\CodeIgniter.php(941): App\Controllers\Depense\Depense->save_depense()
 6 SYSTEMPATH\CodeIgniter.php(502): CodeIgniter\CodeIgniter->runController(Object(App\Controllers\Depense\Depense))
 7 SYSTEMPATH\CodeIgniter.php(361): CodeIgniter\CodeIgniter->handleRequest(null, Object(Config\Cache), false)
 8 FCPATH\index.php(79): CodeIgniter\CodeIgniter->run()
 9 SYSTEMPATH\Commands\Server\rewrite.php(47): require_once('C:\\xampp\\htdocs\\sa_maria\\public\\index.php')
CRITICAL - 2026-04-09 07:12:23 --> [Caused by] CodeIgniter\Database\Exceptions\DatabaseException: Column 'ID_USER' cannot be null
in SYSTEMPATH\Database\MySQLi\Connection.php on line 311.
 1 SYSTEMPATH\Database\BaseConnection.php(693): CodeIgniter\Database\MySQLi\Connection->execute('INSERT INTO `depenses` (`ID_TYPE_DEPENSE`, `MONTANT`, `DATE_DEPENSE`, `ID_USER`, `DATE_INSERTION`) VALUES (\'1\', \'90000\', \'2026-04-09\', NULL, \'2026-04-09 07:12:23\')')
 2 SYSTEMPATH\Database\BaseConnection.php(607): CodeIgniter\Database\BaseConnection->simpleQuery('INSERT INTO `depenses` (`ID_TYPE_DEPENSE`, `MONTANT`, `DATE_DEPENSE`, `ID_USER`, `DATE_INSERTION`) VALUES (\'1\', \'90000\', \'2026-04-09\', NULL, \'2026-04-09 07:12:23\')')
 3 SYSTEMPATH\Database\BaseBuilder.php(2307): CodeIgniter\Database\BaseConnection->query('INSERT INTO `depenses` (`ID_TYPE_DEPENSE`, `MONTANT`, `DATE_DEPENSE`, `ID_USER`, `DATE_INSERTION`) VALUES (:ID_TYPE_DEPENSE:, :MONTANT:, :DATE_DEPENSE:, :ID_USER:, :DATE_INSERTION:)', [...], false)
 4 APPPATH\Models\My_Model.php(21): CodeIgniter\Database\BaseBuilder->insert([...])
 5 APPPATH\Controllers\BaseController.php(46): App\Models\My_Model->create('depenses', [...])
 6 APPPATH\Controllers\depense\depense.php(42): App\Controllers\BaseController->save('depenses', [...])
 7 SYSTEMPATH\CodeIgniter.php(941): App\Controllers\Depense\Depense->save_depense()
 8 SYSTEMPATH\CodeIgniter.php(502): CodeIgniter\CodeIgniter->runController(Object(App\Controllers\Depense\Depense))
 9 SYSTEMPATH\CodeIgniter.php(361): CodeIgniter\CodeIgniter->handleRequest(null, Object(Config\Cache), false)
10 FCPATH\index.php(79): CodeIgniter\CodeIgniter->run()
11 SYSTEMPATH\Commands\Server\rewrite.php(47): require_once('C:\\xampp\\htdocs\\sa_maria\\public\\index.php')
CRITICAL - 2026-04-09 07:12:23 --> [Caused by] mysqli_sql_exception: Column 'ID_USER' cannot be null
in SYSTEMPATH\Database\MySQLi\Connection.php on line 306.
 1 SYSTEMPATH\Database\MySQLi\Connection.php(306): mysqli->query('INSERT INTO `depenses` (`ID_TYPE_DEPENSE`, `MONTANT`, `DATE_DEPENSE`, `ID_USER`, `DATE_INSERTION`) VALUES (\'1\', \'90000\', \'2026-04-09\', NULL, \'2026-04-09 07:12:23\')', 0)
 2 SYSTEMPATH\Database\BaseConnection.php(693): CodeIgniter\Database\MySQLi\Connection->execute('INSERT INTO `depenses` (`ID_TYPE_DEPENSE`, `MONTANT`, `DATE_DEPENSE`, `ID_USER`, `DATE_INSERTION`) VALUES (\'1\', \'90000\', \'2026-04-09\', NULL, \'2026-04-09 07:12:23\')')
 3 SYSTEMPATH\Database\BaseConnection.php(607): CodeIgniter\Database\BaseConnection->simpleQuery('INSERT INTO `depenses` (`ID_TYPE_DEPENSE`, `MONTANT`, `DATE_DEPENSE`, `ID_USER`, `DATE_INSERTION`) VALUES (\'1\', \'90000\', \'2026-04-09\', NULL, \'2026-04-09 07:12:23\')')
 4 SYSTEMPATH\Database\BaseBuilder.php(2307): CodeIgniter\Database\BaseConnection->query('INSERT INTO `depenses` (`ID_TYPE_DEPENSE`, `MONTANT`, `DATE_DEPENSE`, `ID_USER`, `DATE_INSERTION`) VALUES (:ID_TYPE_DEPENSE:, :MONTANT:, :DATE_DEPENSE:, :ID_USER:, :DATE_INSERTION:)', [...], false)
 5 APPPATH\Models\My_Model.php(21): CodeIgniter\Database\BaseBuilder->insert([...])
 6 APPPATH\Controllers\BaseController.php(46): App\Models\My_Model->create('depenses', [...])
 7 APPPATH\Controllers\depense\depense.php(42): App\Controllers\BaseController->save('depenses', [...])
 8 SYSTEMPATH\CodeIgniter.php(941): App\Controllers\Depense\Depense->save_depense()
 9 SYSTEMPATH\CodeIgniter.php(502): CodeIgniter\CodeIgniter->runController(Object(App\Controllers\Depense\Depense))
10 SYSTEMPATH\CodeIgniter.php(361): CodeIgniter\CodeIgniter->handleRequest(null, Object(Config\Cache), false)
11 FCPATH\index.php(79): CodeIgniter\CodeIgniter->run()
12 SYSTEMPATH\Commands\Server\rewrite.php(47): require_once('C:\\xampp\\htdocs\\sa_maria\\public\\index.php')
INFO - 2026-04-09 07:12:54 --> Session: Class initialized using 'CodeIgniter\Session\Handlers\DatabaseHandler' driver.
INFO - 2026-04-09 07:13:11 --> Session: Class initialized using 'CodeIgniter\Session\Handlers\DatabaseHandler' driver.
ERROR - 2026-04-09 07:13:11 --> mysqli_sql_exception: Column 'ID_USER' cannot be null in C:\xampp\htdocs\sa_maria\system\Database\MySQLi\Connection.php:306
Stack trace:
#0 C:\xampp\htdocs\sa_maria\system\Database\MySQLi\Connection.php(306): mysqli->query('INSERT INTO `de...', 0)
#1 C:\xampp\htdocs\sa_maria\system\Database\BaseConnection.php(693): CodeIgniter\Database\MySQLi\Connection->execute('INSERT INTO `de...')
#2 C:\xampp\htdocs\sa_maria\system\Database\BaseConnection.php(607): CodeIgniter\Database\BaseConnection->simpleQuery('INSERT INTO `de...')
#3 C:\xampp\htdocs\sa_maria\system\Database\BaseBuilder.php(2307): CodeIgniter\Database\BaseConnection->query('INSERT INTO `de...', Array, false)
#4 C:\xampp\htdocs\sa_maria\app\Models\My_Model.php(21): CodeIgniter\Database\BaseBuilder->insert(Array)
#5 C:\xampp\htdocs\sa_maria\app\Controllers\BaseController.php(46): App\Models\My_Model->create('depenses', Array)
#6 C:\xampp\htdocs\sa_maria\app\Controllers\depense\depense.php(42): App\Controllers\BaseController->save('depenses', Array)
#7 C:\xampp\htdocs\sa_maria\system\CodeIgniter.php(941): App\Controllers\Depense\Depense->save_depense()
#8 C:\xampp\htdocs\sa_maria\system\CodeIgniter.php(502): CodeIgniter\CodeIgniter->runController(Object(App\Controllers\Depense\Depense))
#9 C:\xampp\htdocs\sa_maria\system\CodeIgniter.php(361): CodeIgniter\CodeIgniter->handleRequest(NULL, Object(Config\Cache), false)
#10 C:\xampp\htdocs\sa_maria\public\index.php(79): CodeIgniter\CodeIgniter->run()
#11 C:\xampp\htdocs\sa_maria\system\Commands\Server\rewrite.php(47): require_once('C:\\xampp\\htdocs...')
#12 {main}
CRITICAL - 2026-04-09 07:13:11 --> CodeIgniter\Database\Exceptions\DatabaseException: Column 'ID_USER' cannot be null
in SYSTEMPATH\Database\BaseConnection.php on line 647.
 1 SYSTEMPATH\Database\BaseBuilder.php(2307): CodeIgniter\Database\BaseConnection->query('INSERT INTO `depenses` (`ID_TYPE_DEPENSE`, `MONTANT`, `DATE_DEPENSE`, `ID_USER`, `DATE_INSERTION`) VALUES (:ID_TYPE_DEPENSE:, :MONTANT:, :DATE_DEPENSE:, :ID_USER:, :DATE_INSERTION:)', [...], false)
 2 APPPATH\Models\My_Model.php(21): CodeIgniter\Database\BaseBuilder->insert([...])
 3 APPPATH\Controllers\BaseController.php(46): App\Models\My_Model->create('depenses', [...])
 4 APPPATH\Controllers\depense\depense.php(42): App\Controllers\BaseController->save('depenses', [...])
 5 SYSTEMPATH\CodeIgniter.php(941): App\Controllers\Depense\Depense->save_depense()
 6 SYSTEMPATH\CodeIgniter.php(502): CodeIgniter\CodeIgniter->runController(Object(App\Controllers\Depense\Depense))
 7 SYSTEMPATH\CodeIgniter.php(361): CodeIgniter\CodeIgniter->handleRequest(null, Object(Config\Cache), false)
 8 FCPATH\index.php(79): CodeIgniter\CodeIgniter->run()
 9 SYSTEMPATH\Commands\Server\rewrite.php(47): require_once('C:\\xampp\\htdocs\\sa_maria\\public\\index.php')
CRITICAL - 2026-04-09 07:13:11 --> [Caused by] CodeIgniter\Database\Exceptions\DatabaseException: Column 'ID_USER' cannot be null
in SYSTEMPATH\Database\MySQLi\Connection.php on line 311.
 1 SYSTEMPATH\Database\BaseConnection.php(693): CodeIgniter\Database\MySQLi\Connection->execute('INSERT INTO `depenses` (`ID_TYPE_DEPENSE`, `MONTANT`, `DATE_DEPENSE`, `ID_USER`, `DATE_INSERTION`) VALUES (\'1\', \'500000\', \'2026-04-09\', NULL, \'2026-04-09 07:13:11\')')
 2 SYSTEMPATH\Database\BaseConnection.php(607): CodeIgniter\Database\BaseConnection->simpleQuery('INSERT INTO `depenses` (`ID_TYPE_DEPENSE`, `MONTANT`, `DATE_DEPENSE`, `ID_USER`, `DATE_INSERTION`) VALUES (\'1\', \'500000\', \'2026-04-09\', NULL, \'2026-04-09 07:13:11\')')
 3 SYSTEMPATH\Database\BaseBuilder.php(2307): CodeIgniter\Database\BaseConnection->query('INSERT INTO `depenses` (`ID_TYPE_DEPENSE`, `MONTANT`, `DATE_DEPENSE`, `ID_USER`, `DATE_INSERTION`) VALUES (:ID_TYPE_DEPENSE:, :MONTANT:, :DATE_DEPENSE:, :ID_USER:, :DATE_INSERTION:)', [...], false)
 4 APPPATH\Models\My_Model.php(21): CodeIgniter\Database\BaseBuilder->insert([...])
 5 APPPATH\Controllers\BaseController.php(46): App\Models\My_Model->create('depenses', [...])
 6 APPPATH\Controllers\depense\depense.php(42): App\Controllers\BaseController->save('depenses', [...])
 7 SYSTEMPATH\CodeIgniter.php(941): App\Controllers\Depense\Depense->save_depense()
 8 SYSTEMPATH\CodeIgniter.php(502): CodeIgniter\CodeIgniter->runController(Object(App\Controllers\Depense\Depense))
 9 SYSTEMPATH\CodeIgniter.php(361): CodeIgniter\CodeIgniter->handleRequest(null, Object(Config\Cache), false)
10 FCPATH\index.php(79): CodeIgniter\CodeIgniter->run()
11 SYSTEMPATH\Commands\Server\rewrite.php(47): require_once('C:\\xampp\\htdocs\\sa_maria\\public\\index.php')
CRITICAL - 2026-04-09 07:13:11 --> [Caused by] mysqli_sql_exception: Column 'ID_USER' cannot be null
in SYSTEMPATH\Database\MySQLi\Connection.php on line 306.
 1 SYSTEMPATH\Database\MySQLi\Connection.php(306): mysqli->query('INSERT INTO `depenses` (`ID_TYPE_DEPENSE`, `MONTANT`, `DATE_DEPENSE`, `ID_USER`, `DATE_INSERTION`) VALUES (\'1\', \'500000\', \'2026-04-09\', NULL, \'2026-04-09 07:13:11\')', 0)
 2 SYSTEMPATH\Database\BaseConnection.php(693): CodeIgniter\Database\MySQLi\Connection->execute('INSERT INTO `depenses` (`ID_TYPE_DEPENSE`, `MONTANT`, `DATE_DEPENSE`, `ID_USER`, `DATE_INSERTION`) VALUES (\'1\', \'500000\', \'2026-04-09\', NULL, \'2026-04-09 07:13:11\')')
 3 SYSTEMPATH\Database\BaseConnection.php(607): CodeIgniter\Database\BaseConnection->simpleQuery('INSERT INTO `depenses` (`ID_TYPE_DEPENSE`, `MONTANT`, `DATE_DEPENSE`, `ID_USER`, `DATE_INSERTION`) VALUES (\'1\', \'500000\', \'2026-04-09\', NULL, \'2026-04-09 07:13:11\')')
 4 SYSTEMPATH\Database\BaseBuilder.php(2307): CodeIgniter\Database\BaseConnection->query('INSERT INTO `depenses` (`ID_TYPE_DEPENSE`, `MONTANT`, `DATE_DEPENSE`, `ID_USER`, `DATE_INSERTION`) VALUES (:ID_TYPE_DEPENSE:, :MONTANT:, :DATE_DEPENSE:, :ID_USER:, :DATE_INSERTION:)', [...], false)
 5 APPPATH\Models\My_Model.php(21): CodeIgniter\Database\BaseBuilder->insert([...])
 6 APPPATH\Controllers\BaseController.php(46): App\Models\My_Model->create('depenses', [...])
 7 APPPATH\Controllers\depense\depense.php(42): App\Controllers\BaseController->save('depenses', [...])
 8 SYSTEMPATH\CodeIgniter.php(941): App\Controllers\Depense\Depense->save_depense()
 9 SYSTEMPATH\CodeIgniter.php(502): CodeIgniter\CodeIgniter->runController(Object(App\Controllers\Depense\Depense))
10 SYSTEMPATH\CodeIgniter.php(361): CodeIgniter\CodeIgniter->handleRequest(null, Object(Config\Cache), false)
11 FCPATH\index.php(79): CodeIgniter\CodeIgniter->run()
12 SYSTEMPATH\Commands\Server\rewrite.php(47): require_once('C:\\xampp\\htdocs\\sa_maria\\public\\index.php')
INFO - 2026-04-09 07:13:54 --> Session: Class initialized using 'CodeIgniter\Session\Handlers\DatabaseHandler' driver.
INFO - 2026-04-09 07:14:32 --> Session: Class initialized using 'CodeIgniter\Session\Handlers\DatabaseHandler' driver.
INFO - 2026-04-09 07:14:38 --> Session: Class initialized using 'CodeIgniter\Session\Handlers\DatabaseHandler' driver.
INFO - 2026-04-09 07:15:02 --> Session: Class initialized using 'CodeIgniter\Session\Handlers\DatabaseHandler' driver.
INFO - 2026-04-09 07:15:02 --> Session: Class initialized using 'CodeIgniter\Session\Handlers\DatabaseHandler' driver.
